Archive member included because of file (symbol)

c:/toolsarm/gcc_arm/bin/../lib/gcc/arm-none-eabi/4.9.3/../../../../arm-none-eabi/lib/armv7e-m\libg_nano.a(lib_a-ctype_.o)
                              ./system/src/newlib/_syscalls.o (__ctype_ptr__)
c:/toolsarm/gcc_arm/bin/../lib/gcc/arm-none-eabi/4.9.3/../../../../arm-none-eabi/lib/armv7e-m\libg_nano.a(lib_a-errno.o)
                              ./system/src/newlib/_sbrk.o (__errno)
c:/toolsarm/gcc_arm/bin/../lib/gcc/arm-none-eabi/4.9.3/../../../../arm-none-eabi/lib/armv7e-m\libg_nano.a(lib_a-findfp.o)
                              ./system/src/newlib/_syscalls.o (__sinit)
c:/toolsarm/gcc_arm/bin/../lib/gcc/arm-none-eabi/4.9.3/../../../../arm-none-eabi/lib/armv7e-m\libg_nano.a(lib_a-fwalk.o)
                              c:/toolsarm/gcc_arm/bin/../lib/gcc/arm-none-eabi/4.9.3/../../../../arm-none-eabi/lib/armv7e-m\libg_nano.a(lib_a-findfp.o) (_fwalk)
c:/toolsarm/gcc_arm/bin/../lib/gcc/arm-none-eabi/4.9.3/../../../../arm-none-eabi/lib/armv7e-m\libg_nano.a(lib_a-impure.o)
                              c:/toolsarm/gcc_arm/bin/../lib/gcc/arm-none-eabi/4.9.3/../../../../arm-none-eabi/lib/armv7e-m\libg_nano.a(lib_a-findfp.o) (_global_impure_ptr)
c:/toolsarm/gcc_arm/bin/../lib/gcc/arm-none-eabi/4.9.3/../../../../arm-none-eabi/lib/armv7e-m\libg_nano.a(lib_a-memset.o)
                              ./system/src/newlib/_syscalls.o (memset)
c:/toolsarm/gcc_arm/bin/../lib/gcc/arm-none-eabi/4.9.3/../../../../arm-none-eabi/lib/armv7e-m\libg_nano.a(lib_a-nano-mallocr.o)
                              c:/toolsarm/gcc_arm/bin/../lib/gcc/arm-none-eabi/4.9.3/../../../../arm-none-eabi/lib/armv7e-m\libg_nano.a(lib_a-findfp.o) (_malloc_r)
c:/toolsarm/gcc_arm/bin/../lib/gcc/arm-none-eabi/4.9.3/../../../../arm-none-eabi/lib/armv7e-m\libg_nano.a(lib_a-puts.o)
                              ./src/fsmc_nand_if.o (puts)
c:/toolsarm/gcc_arm/bin/../lib/gcc/arm-none-eabi/4.9.3/../../../../arm-none-eabi/lib/armv7e-m\libg_nano.a(lib_a-sbrkr.o)
                              c:/toolsarm/gcc_arm/bin/../lib/gcc/arm-none-eabi/4.9.3/../../../../arm-none-eabi/lib/armv7e-m\libg_nano.a(lib_a-nano-mallocr.o) (_sbrk_r)
c:/toolsarm/gcc_arm/bin/../lib/gcc/arm-none-eabi/4.9.3/../../../../arm-none-eabi/lib/armv7e-m\libg_nano.a(lib_a-stdio.o)
                              c:/toolsarm/gcc_arm/bin/../lib/gcc/arm-none-eabi/4.9.3/../../../../arm-none-eabi/lib/armv7e-m\libg_nano.a(lib_a-findfp.o) (__sread)
c:/toolsarm/gcc_arm/bin/../lib/gcc/arm-none-eabi/4.9.3/../../../../arm-none-eabi/lib/armv7e-m\libg_nano.a(lib_a-strlen.o)
                              ./system/src/newlib/_syscalls.o (strlen)
c:/toolsarm/gcc_arm/bin/../lib/gcc/arm-none-eabi/4.9.3/../../../../arm-none-eabi/lib/armv7e-m\libg_nano.a(lib_a-strncpy.o)
                              ./system/src/newlib/_syscalls.o (strncpy)
c:/toolsarm/gcc_arm/bin/../lib/gcc/arm-none-eabi/4.9.3/../../../../arm-none-eabi/lib/armv7e-m\libg_nano.a(lib_a-vsnprintf.o)
                              ./system/src/diag/Trace.o (vsnprintf)
c:/toolsarm/gcc_arm/bin/../lib/gcc/arm-none-eabi/4.9.3/../../../../arm-none-eabi/lib/armv7e-m\libg_nano.a(lib_a-wbuf.o)
                              c:/toolsarm/gcc_arm/bin/../lib/gcc/arm-none-eabi/4.9.3/../../../../arm-none-eabi/lib/armv7e-m\libg_nano.a(lib_a-puts.o) (__swbuf_r)
c:/toolsarm/gcc_arm/bin/../lib/gcc/arm-none-eabi/4.9.3/../../../../arm-none-eabi/lib/armv7e-m\libg_nano.a(lib_a-writer.o)
                              c:/toolsarm/gcc_arm/bin/../lib/gcc/arm-none-eabi/4.9.3/../../../../arm-none-eabi/lib/armv7e-m\libg_nano.a(lib_a-stdio.o) (_write_r)
c:/toolsarm/gcc_arm/bin/../lib/gcc/arm-none-eabi/4.9.3/../../../../arm-none-eabi/lib/armv7e-m\libg_nano.a(lib_a-wsetup.o)
                              c:/toolsarm/gcc_arm/bin/../lib/gcc/arm-none-eabi/4.9.3/../../../../arm-none-eabi/lib/armv7e-m\libg_nano.a(lib_a-puts.o) (__swsetup_r)
c:/toolsarm/gcc_arm/bin/../lib/gcc/arm-none-eabi/4.9.3/../../../../arm-none-eabi/lib/armv7e-m\libg_nano.a(lib_a-closer.o)
                              c:/toolsarm/gcc_arm/bin/../lib/gcc/arm-none-eabi/4.9.3/../../../../arm-none-eabi/lib/armv7e-m\libg_nano.a(lib_a-stdio.o) (_close_r)
c:/toolsarm/gcc_arm/bin/../lib/gcc/arm-none-eabi/4.9.3/../../../../arm-none-eabi/lib/armv7e-m\libg_nano.a(lib_a-fflush.o)
                              c:/toolsarm/gcc_arm/bin/../lib/gcc/arm-none-eabi/4.9.3/../../../../arm-none-eabi/lib/armv7e-m\libg_nano.a(lib_a-findfp.o) (_fflush_r)
c:/toolsarm/gcc_arm/bin/../lib/gcc/arm-none-eabi/4.9.3/../../../../arm-none-eabi/lib/armv7e-m\libg_nano.a(lib_a-lseekr.o)
                              c:/toolsarm/gcc_arm/bin/../lib/gcc/arm-none-eabi/4.9.3/../../../../arm-none-eabi/lib/armv7e-m\libg_nano.a(lib_a-stdio.o) (_lseek_r)
c:/toolsarm/gcc_arm/bin/../lib/gcc/arm-none-eabi/4.9.3/../../../../arm-none-eabi/lib/armv7e-m\libg_nano.a(lib_a-makebuf.o)
[...]
Memory Configuration

Name             Origin             Length             Attributes
RAM              0x20000000         0x00020000         xrw
CCMRAM           0x10000000         0x00010000         xrw
FLASH            0x08000000         0x00100000         xr
FLASHB1          0x00000000         0x00000000         xr
EXTMEMB0         0x00000000         0x00000000         xr
EXTMEMB1         0x00000000         0x00000000         xr
EXTMEMB2         0x00000000         0x00000000         xr
EXTMEMB3         0x00000000         0x00000000         xr
MEMORY_ARRAY     0x20002000         0x00000020         xrw
*default*        0x00000000         0xffffffff

Linker script and memory map

LOAD ./system/src/stm32f4-hal/stm32f4xx_hal.o
LOAD ./system/src/stm32f4-hal/stm32f4xx_hal_cortex.o
LOAD ./system/src/stm32f4-hal/stm32f4xx_hal_flash.o
LOAD ./system/src/stm32f4-hal/stm32f4xx_hal_flash_ex.o
LOAD ./system/src/stm32f4-hal/stm32f4xx_hal_flash_ramfunc.o
LOAD ./system/src/stm32f4-hal/stm32f4xx_hal_gpio.o
LOAD ./system/src/stm32f4-hal/stm32f4xx_hal_iwdg.o
LOAD ./system/src/stm32f4-hal/stm32f4xx_hal_pcd_ex.o
LOAD ./system/src/stm32f4-hal/stm32f4xx_hal_pwr.o
LOAD ./system/src/stm32f4-hal/stm32f4xx_hal_pwr_ex.o
LOAD ./system/src/stm32f4-hal/stm32f4xx_hal_rcc.o
LOAD ./system/src/stm32f4-hal/stm32f4xx_hal_rcc_ex.o
LOAD ./system/src/stm32f4-hal/stm32f4xx_hal_tim.o
LOAD ./system/src/stm32f4-hal/stm32f4xx_ll_fsmc.o
LOAD ./system/src/newlib/_cxx.o
LOAD ./system/src/newlib/_exit.o
LOAD ./system/src/newlib/_sbrk.o
LOAD ./system/src/newlib/_startup.o
LOAD ./system/src/newlib/_syscalls.o
LOAD ./system/src/newlib/assert.o
LOAD ./system/src/diag/Trace.o
LOAD ./system/src/diag/trace_impl.o
LOAD ./system/src/cortexm/_initialize_hardware.o
LOAD ./system/src/cortexm/_reset_hardware.o
LOAD ./system/src/cortexm/exception_handlers.o
LOAD ./system/src/cmsis/system_stm32f4xx.o
LOAD ./system/src/cmsis/vectors_stm32f4xx.o
LOAD ./src/_initialize_hardware.o
LOAD ./src/_write.o
LOAD ./src/fsmc_nand_if.o
LOAD ./src/main.o
LOAD ./src/nand_drv.o
LOAD c:/toolsarm/gcc_arm/bin/../lib/gcc/arm-none-eabi/4.9.3/../../../../arm-none-eabi/lib/armv7e-m\libstdc++_nano.a
LOAD c:/toolsarm/gcc_arm/bin/../lib/gcc/arm-none-eabi/4.9.3/../../../../arm-none-eabi/lib/armv7e-m\libm.a
START GROUP
LOAD c:/toolsarm/gcc_arm/bin/../lib/gcc/arm-none-eabi/4.9.3/armv7e-m\libgcc.a
LOAD c:/toolsarm/gcc_arm/bin/../lib/gcc/arm-none-eabi/4.9.3/../../../../arm-none-eabi/lib/armv7e-m\libg_nano.a
LOAD c:/toolsarm/gcc_arm/bin/../lib/gcc/arm-none-eabi/4.9.3/../../../../arm-none-eabi/lib/armv7e-m\libc_nano.a
END GROUP
START GROUP
LOAD c:/toolsarm/gcc_arm/bin/../lib/gcc/arm-none-eabi/4.9.3/armv7e-m\libgcc.a
LOAD c:/toolsarm/gcc_arm/bin/../lib/gcc/arm-none-eabi/4.9.3/../../../../arm-none-eabi/lib/armv7e-m\libc_nano.a
END GROUP
                0x20020000                __stack = (ORIGIN (RAM) + 0x20000)
                0x20020000                _estack = __stack
                0x00000400                __Main_Stack_Size = 0x400
                0x00000400                PROVIDE (_Main_Stack_Size, __Main_Stack_Size)
                0x2001fc00                __Main_Stack_Limit = (__stack - __Main_Stack_Size)
                0x2001fc00                PROVIDE (_Main_Stack_Limit, __Main_Stack_Limit)
                0x00000100                _Minimum_Stack_Size = 0x100
                0x20004140                PROVIDE (_Heap_Begin, _end_noinit)
                0x2001fc00                PROVIDE (_Heap_Limit, (__stack - __Main_Stack_Size))

.isr_vector     0x08000000      0x3a8
 FILL mask 0xff
                0x08000000                __vectors_start__ = ABSOLUTE (.)
 *(.isr_vector)
 .isr_vector    0x08000000      0x188 ./system/src/cmsis/vectors_stm32f4xx.o
                0x08000000                __isr_vectors
 *(.cfmconfig)
 *(.after_vectors .after_vectors.*)
 .after_vectors
                0x08000188      0x1c4 ./system/src/newlib/_startup.o
                0x08000188                _start
 .after_vectors
                0x0800034c       0x54 ./system/src/cortexm/exception_handlers.o
                0x0800034c                Reset_Handler
                0x08000354                NMI_Handler
                0x0800035c                HardFault_Handler
                0x08000364                MemManage_Handler
                0x0800036c                BusFault_Handler
                0x08000374                UsageFault_Handler
                0x0800037c                SVC_Handler
                0x08000384                DebugMon_Handler
                0x0800038c                PendSV_Handler
                0x08000394                SysTick_Handler
 .after_vectors
                0x080003a0        0x8 ./system/src/cmsis/vectors_stm32f4xx.o
                0x080003a0                RTC_Alarm_IRQHandler
                0x080003a0                HASH_RNG_IRQHandler
                0x080003a0                EXTI2_IRQHandler
                0x080003a0                TIM8_CC_IRQHandler
                0x080003a0                TIM1_CC_IRQHandler
                0x080003a0                DMA2_Stream5_IRQHandler
                0x080003a0                DMA1_Stream5_IRQHandler
                0x080003a0                PVD_IRQHandler
                0x080003a0                SDIO_IRQHandler
                0x080003a0                TAMP_STAMP_IRQHandler
                0x080003a0                CAN2_RX1_IRQHandler
                0x080003a0                EXTI3_IRQHandler
                0x080003a0                TIM8_TRG_COM_TIM14_IRQHandler
                0x080003a0                TIM1_UP_TIM10_IRQHandler
                0x080003a0                TIM8_UP_TIM13_IRQHandler
                0x080003a0                I2C3_ER_IRQHandler
                0x080003a0                EXTI0_IRQHandler
                0x080003a0                I2C2_EV_IRQHandler
                0x080003a0                DMA1_Stream2_IRQHandler
                0x080003a0                CAN1_RX0_IRQHandler
                0x080003a0                FPU_IRQHandler
                0x080003a0                OTG_HS_WKUP_IRQHandler
                0x080003a0                CAN2_SCE_IRQHandler
                0x080003a0                DMA2_Stream2_IRQHandler
                0x080003a0                SPI1_IRQHandler
                0x080003a0                TIM6_DAC_IRQHandler
                0x080003a0                TIM1_BRK_TIM9_IRQHandler
                0x080003a0                DCMI_IRQHandler
                0x080003a0                CAN2_RX0_IRQHandler
                0x080003a0                DMA2_Stream3_IRQHandler
                0x080003a0                USART6_IRQHandler
                0x080003a0                USART3_IRQHandler
                0x080003a0                CAN1_RX1_IRQHandler
                0x080003a0                UART5_IRQHandler
                0x080003a0                DMA2_Stream0_IRQHandler
                0x080003a0                TIM4_IRQHandler
                0x080003a0                I2C1_EV_IRQHandler
                0x080003a0                DMA1_Stream6_IRQHandler
                0x080003a0                DMA1_Stream1_IRQHandler
                0x080003a0                UART4_IRQHandler
                0x080003a0                TIM3_IRQHandler
                0x080003a0                RCC_IRQHandler
                0x080003a0                TIM8_BRK_TIM12_IRQHandler
                0x080003a0                Default_Handler
                0x080003a0                EXTI15_10_IRQHandler
                0x080003a0                ADC_IRQHandler
                0x080003a0                DMA1_Stream7_IRQHandler
                0x080003a0                TIM7_IRQHandler
                0x080003a0                CAN2_TX_IRQHandler
                0x080003a0                TIM5_IRQHandler
                0x080003a0                DMA2_Stream7_IRQHandler
                0x080003a0                I2C3_EV_IRQHandler
                0x080003a0                EXTI9_5_IRQHandler
                0x080003a0                RTC_WKUP_IRQHandler
                0x080003a0                ETH_WKUP_IRQHandler
                0x080003a0                SPI2_IRQHandler
                0x080003a0                OTG_HS_EP1_IN_IRQHandler
                0x080003a0                DMA1_Stream0_IRQHandler
                0x080003a0                CAN1_TX_IRQHandler
                0x080003a0                EXTI4_IRQHandler
                0x080003a0                FSMC_IRQHandler
                0x080003a0                ETH_IRQHandler
                0x080003a0                OTG_HS_EP1_OUT_IRQHandler
                0x080003a0                WWDG_IRQHandler
                0x080003a0                TIM2_IRQHandler
                0x080003a0                OTG_FS_WKUP_IRQHandler
                0x080003a0                TIM1_TRG_COM_TIM11_IRQHandler
                0x080003a0                OTG_HS_IRQHandler
                0x080003a0                EXTI1_IRQHandler
                0x080003a0                USART2_IRQHandler
                0x080003a0                I2C2_ER_IRQHandler
                0x080003a0                DMA2_Stream1_IRQHandler
                0x080003a0                CAN1_SCE_IRQHandler
                0x080003a0                FLASH_IRQHandler
                0x080003a0                DMA2_Stream4_IRQHandler
                0x080003a0                USART1_IRQHandler
                0x080003a0                OTG_FS_IRQHandler
                0x080003a0                SPI3_IRQHandler
                0x080003a0                DMA1_Stream4_IRQHandler
                0x080003a0                I2C1_ER_IRQHandler
                0x080003a0                DMA2_Stream6_IRQHandler
                0x080003a0                DMA1_Stream3_IRQHandler

.inits          0x080003a8       0x28
                0x080003a8                __data_regions_array_start = .
                0x080003a8        0x4 LONG 0x8004dc4 LOADADDR (.data)
                0x080003ac        0x4 LONG 0x20000000 ADDR (.data)
                0x080003b0        0x4 LONG 0x20000108 (ADDR (.data) + SIZEOF (.data))
                0x080003b4        0x4 LONG 0x8004dc4 LOADADDR (.data_CCMRAM)
                0x080003b8        0x4 LONG 0x10000000 ADDR (.data_CCMRAM)
                0x080003bc        0x4 LONG 0x10000000 (ADDR (.data_CCMRAM) + SIZEOF (.data_CCMRAM))
                0x080003c0                __data_regions_array_end = .
                0x080003c0                __bss_regions_array_start = .
                0x080003c0        0x4 LONG 0x20000108 ADDR (.bss)
                0x080003c4        0x4 LONG 0x20004140 (ADDR (.bss) + SIZEOF (.bss))
                0x080003c8        0x4 LONG 0x10000000 ADDR (.bss_CCMRAM)
                0x080003cc        0x4 LONG 0x10000000 (ADDR (.bss_CCMRAM) + SIZEOF (.bss_CCMRAM))
                0x080003d0                __bss_regions_array_end = .
 *(.init)
 *(.fini)
                0x080003d0                . = ALIGN (0x4)
                0x080003d0                PROVIDE (__preinit_array_start, .)
 *(.preinit_array_sysinit .preinit_array_sysinit.*)
 *(.preinit_array_platform .preinit_array_platform.*)
 *(.preinit_array .preinit_array.*)
                0x080003d0                PROVIDE (__preinit_array_end, .)
                0x080003d0                . = ALIGN (0x4)
                0x080003d0                PROVIDE (__init_array_start, .)
 *(SORT(.init_array.*))
 *(.init_array)
                0x080003d0                PROVIDE (__init_array_end, .)
                0x080003d0                . = ALIGN (0x4)
                0x080003d0                PROVIDE (__fini_array_start, .)
 *(SORT(.fini_array.*))
 *(.fini_array)
                0x080003d0                PROVIDE (__fini_array_end, .)

.flashtext
 *(.flashtext .flashtext.*)

.text           0x080003d0     0x49f3
 *(.text .text.*)
 .text.HAL_Init
                0x080003d0       0x44 ./system/src/stm32f4-hal/stm32f4xx_hal.o
                0x080003d0                HAL_Init
 .text.HAL_MspInit
                0x08000414        0xc ./system/src/stm32f4-hal/stm32f4xx_hal.o
                0x08000414                HAL_MspInit
 .text.HAL_InitTick
                0x08000420       0x38 ./system/src/stm32f4-hal/stm32f4xx_hal.o
                0x08000420                HAL_InitTick
 .text.HAL_GetTick
                0x08000458       0x18 ./system/src/stm32f4-hal/stm32f4xx_hal.o
                0x08000458                HAL_GetTick
 .text.HAL_SuspendTick
                0x08000470       0x1c ./system/src/stm32f4-hal/stm32f4xx_hal.o
                0x08000470                HAL_SuspendTick
 .text.NVIC_SetPriorityGrouping
                0x0800048c       0x48 ./system/src/stm32f4-hal/stm32f4xx_hal_cortex.o
 .text.NVIC_GetPriorityGrouping
                0x080004d4       0x1c ./system/src/stm32f4-hal/stm32f4xx_hal_cortex.o
 .text.NVIC_SetPriority
                0x080004f0       0x54 ./system/src/stm32f4-hal/stm32f4xx_hal_cortex.o
 .text.NVIC_EncodePriority
                0x08000544       0x68 ./system/src/stm32f4-hal/stm32f4xx_hal_cortex.o
 .text.SysTick_Config
                0x080005ac       0x44 ./system/src/stm32f4-hal/stm32f4xx_hal_cortex.o
 .text.HAL_NVIC_SetPriorityGrouping
                0x080005f0       0x40 ./system/src/stm32f4-hal/stm32f4xx_hal_cortex.o
                0x080005f0                HAL_NVIC_SetPriorityGrouping
 .text.HAL_NVIC_SetPriority
                0x08000630       0x58 ./system/src/stm32f4-hal/stm32f4xx_hal_cortex.o
                0x08000630                HAL_NVIC_SetPriority
 .text.HAL_SYSTICK_Config
                0x08000688       0x18 ./system/src/stm32f4-hal/stm32f4xx_hal_cortex.o
                0x08000688                HAL_SYSTICK_Config
 .text.HAL_GPIO_Init
                0x080006a0      0x55c ./system/src/stm32f4-hal/stm32f4xx_hal_gpio.o
                0x080006a0                HAL_GPIO_Init
 .text.HAL_GPIO_ReadPin
                0x08000bfc       0x40 ./system/src/stm32f4-hal/stm32f4xx_hal_gpio.o
                0x08000bfc                HAL_GPIO_ReadPin
 .text.HAL_RCC_OscConfig
                0x08000c3c      0x60c ./system/src/stm32f4-hal/stm32f4xx_hal_rcc.o
                0x08000c3c                HAL_RCC_OscConfig
 .text.HAL_RCC_ClockConfig
                0x08001248      0x474 ./system/src/stm32f4-hal/stm32f4xx_hal_rcc.o
                0x08001248                HAL_RCC_ClockConfig
 .text.HAL_RCC_GetSysClockFreq
                0x080016bc      0x138 ./system/src/stm32f4-hal/stm32f4xx_hal_rcc.o
                0x080016bc                HAL_RCC_GetSysClockFreq
 .text.HAL_RCC_GetHCLKFreq
                0x080017f4       0x58 ./system/src/stm32f4-hal/stm32f4xx_hal_rcc.o
                0x080017f4                HAL_RCC_GetHCLKFreq
 .text.abort    0x0800184c       0x14 ./system/src/newlib/_exit.o
                0x0800184c                abort
 .text._sbrk    0x08001860       0x68 ./system/src/newlib/_sbrk.o
                0x08001860                _sbrk
 .text.__initialize_args
                0x080018c8      0x14c ./system/src/newlib/_syscalls.o
                0x080018c8                __initialize_args
 .text._exit    0x08001a14       0x38 ./system/src/newlib/_syscalls.o
                0x08001a14                _exit
 .text.findslot
                0x08001a4c       0x58 ./system/src/newlib/_syscalls.o
 .text.initialise_monitor_handles
                0x08001aa4       0xf4 ./system/src/newlib/_syscalls.o
                0x08001aa4                initialise_monitor_handles
 .text.get_errno
                0x08001b98       0x28 ./system/src/newlib/_syscalls.o
 .text.error    0x08001bc0       0x20 ./system/src/newlib/_syscalls.o
 .text.checkerror
                0x08001be0       0x28 ./system/src/newlib/_syscalls.o
 .text._swiread
                0x08001c08       0x44 ./system/src/newlib/_syscalls.o
                0x08001c08                _swiread
 .text._read    0x08001c4c       0x64 ./system/src/newlib/_syscalls.o
                0x08001c4c                _read
 .text._swilseek
                0x08001cb0      0x11c ./system/src/newlib/_syscalls.o
                0x08001cb0                _swilseek
 .text._lseek   0x08001dcc       0x20 ./system/src/newlib/_syscalls.o
                0x08001dcc                _lseek
 .text._swiwrite
                0x08001dec       0x44 ./system/src/newlib/_syscalls.o
                0x08001dec                _swiwrite
 .text._write   0x08001e30       0x78 ./system/src/newlib/_syscalls.o
                0x08001e30                _write
 .text._swiclose
                0x08001ea8       0x30 ./system/src/newlib/_syscalls.o
                0x08001ea8                _swiclose
 .text._close   0x08001ed8       0x74 ./system/src/newlib/_syscalls.o
                0x08001ed8                _close
 .text._swistat
                0x08001f4c       0x7c ./system/src/newlib/_syscalls.o
                0x08001f4c                _swistat
 .text._fstat   0x08001fc8       0x28 ./system/src/newlib/_syscalls.o
                0x08001fc8                _fstat
 .text._isatty  0x08001ff0       0x60 ./system/src/newlib/_syscalls.o
                0x08001ff0                _isatty
 .text.assert_failed
                0x08002050       0x1c ./system/src/newlib/assert.o
                0x08002050                assert_failed
 .text.trace_printf
                0x0800206c       0x44 ./system/src/diag/Trace.o
                0x0800206c                trace_printf
 .text.trace_puts
                0x080020b0       0x30 ./system/src/diag/Trace.o
                0x080020b0                trace_puts
 .text.trace_write
                0x080020e0       0x1c ./system/src/diag/trace_impl.o
                0x080020e0                trace_write
 .text._trace_write_semihosting_debug
                0x080020fc       0xb8 ./system/src/diag/trace_impl.o
 .text.__initialize_hardware_early
                0x080021b4        0xc ./system/src/cortexm/_initialize_hardware.o
                0x080021b4                __initialize_hardware_early
 .text.SystemInit
                0x080021c0       0x5c ./system/src/cmsis/system_stm32f4xx.o
                0x080021c0                SystemInit
 .text.__initialize_hardware
                0x0800221c       0x18 ./src/_initialize_hardware.o
                0x0800221c                __initialize_hardware
 .text.configure_system_clock
                0x08002234       0x7c ./src/_initialize_hardware.o
                0x08002234                configure_system_clock
 .text.FSMC_SelectNANDType
                0x080022b0       0x20 ./src/fsmc_nand_if.o
                0x080022b0                FSMC_SelectNANDType
 .text.FSMC_NAND_NON_ONFI_Compliance
                0x080022d0      0x26c ./src/fsmc_nand_if.o
                0x080022d0                FSMC_NAND_NON_ONFI_Compliance
 .text.FSMC_Start
                0x0800253c      0x158 ./src/fsmc_nand_if.o
                0x0800253c                FSMC_Start
 .text.FSMC_NAND_ReadID
                0x08002694       0x60 ./src/fsmc_nand_if.o
                0x08002694                FSMC_NAND_ReadID
 .text.FSMC_NAND_ReadSpareArea
                0x080026f4      0x194 ./src/fsmc_nand_if.o
                0x080026f4                FSMC_NAND_ReadSpareArea
 .text.FSMC_NAND_GetStatus
                0x08002888       0x90 ./src/fsmc_nand_if.o
                0x08002888                FSMC_NAND_GetStatus
 .text.FSMC_NAND_ReadStatus
                0x08002918       0xa8 ./src/fsmc_nand_if.o
                0x08002918                FSMC_NAND_ReadStatus
 .text.FSMC_NAND_AddressIncrement
                0x080029c0       0xfc ./src/fsmc_nand_if.o
                0x080029c0                FSMC_NAND_AddressIncrement
 .text.FSMC_NAND_ONFI_Compliance
                0x08002abc      0x2f8 ./src/fsmc_nand_if.o
                0x08002abc                FSMC_NAND_ONFI_Compliance
 .text.FSMC_NAND_ReadSpareArea_alt
                0x08002db4      0x118 ./src/fsmc_nand_if.o
                0x08002db4                FSMC_NAND_ReadSpareArea_alt
 .text.FSMC_NAND_ReadSmallPage_alt
                0x08002ecc       0xfc ./src/fsmc_nand_if.o
                0x08002ecc                FSMC_NAND_ReadSmallPage_alt
 .text.main     0x08002fc8       0x78 ./src/main.o
                0x08002fc8                main
 .text.SystemClock_Config
                0x08003040       0x7c ./src/main.o
                0x08003040                SystemClock_Config
 .text.NAND_Init
                0x080030bc       0x30 ./src/nand_drv.o
                0x080030bc                NAND_Init
 .text.NAND_CleanLUT
                0x080030ec       0x24 ./src/nand_drv.o
                0x080030ec                NAND_CleanLUT
 .text.NAND_WearLeveling
                0x08003110       0x3c ./src/nand_drv.o
                0x08003110                NAND_WearLeveling
 .text.SBLK_NAND_WearLeveling
                0x0800314c      0x1dc ./src/nand_drv.o
                0x0800314c                SBLK_NAND_WearLeveling
 .text.LBLK_NAND_WearLeveling
                0x08003328      0x1ec ./src/nand_drv.o
                0x08003328                LBLK_NAND_WearLeveling
 .text.SBLK_NAND_ReadSpareArea
                0x08003514       0x50 ./src/nand_drv.o
                0x08003514                SBLK_NAND_ReadSpareArea
 .text.LBLK_NAND_ReadSpareArea
                0x08003564       0x50 ./src/nand_drv.o
                0x08003564                LBLK_NAND_ReadSpareArea
 .text.NAND_ConvertPhyAddress
                0x080035b4       0xcc ./src/nand_drv.o
                0x080035b4                NAND_ConvertPhyAddress
 .text.NAND_BuildLUT
                0x08003680       0x3c ./src/nand_drv.o
                0x08003680                NAND_BuildLUT
 .text.SBLK_NAND_BuildLUT
                0x080036bc      0x1d4 ./src/nand_drv.o
                0x080036bc                SBLK_NAND_BuildLUT
 .text.LBLK_NAND_BuildLUT
                0x08003890      0x1e8 ./src/nand_drv.o
                0x08003890                LBLK_NAND_BuildLUT
 .text.GetParity
                0x08003a78       0x4c ./src/nand_drv.o
                0x08003a78                GetParity
 .text.Swap     0x08003ac4       0x34 ./src/nand_drv.o
                0x08003ac4                Swap
 .text.__errno  0x08003af8        0xc c:/toolsarm/gcc_arm/bin/../lib/gcc/arm-none-eabi/4.9.3/../../../../arm-none-eabi/lib/armv7e-m\libg_nano.a(lib_a-errno.o)
                0x08003af8                __errno
 .text._cleanup_r
                0x08003b04        0xc c:/toolsarm/gcc_arm/bin/../lib/gcc/arm-none-eabi/4.9.3/../../../../arm-none-eabi/lib/armv7e-m\libg_nano.a(lib_a-findfp.o)
                0x08003b04                _cleanup_r
 .text.std.isra.0
                0x08003b10       0x48 c:/toolsarm/gcc_arm/bin/../lib/gcc/arm-none-eabi/4.9.3/../../../../arm-none-eabi/lib/armv7e-m\libg_nano.a(lib_a-findfp.o)
 .text.__sfmoreglue
                0x08003b58       0x2c c:/toolsarm/gcc_arm/bin/../lib/gcc/arm-none-eabi/4.9.3/../../../../arm-none-eabi/lib/armv7e-m\libg_nano.a(lib_a-findfp.o)
                0x08003b58                __sfmoreglue
 .text.__sinit  0x08003b84       0x60 c:/toolsarm/gcc_arm/bin/../lib/gcc/arm-none-eabi/4.9.3/../../../../arm-none-eabi/lib/armv7e-m\libg_nano.a(lib_a-findfp.o)
                0x08003b84                __sinit
 .text.__sfp    0x08003be4       0x74 c:/toolsarm/gcc_arm/bin/../lib/gcc/arm-none-eabi/4.9.3/../../../../arm-none-eabi/lib/armv7e-m\libg_nano.a(lib_a-findfp.o)
                0x08003be4                __sfp
 .text._fwalk_reent
                0x08003c58       0x3c c:/toolsarm/gcc_arm/bin/../lib/gcc/arm-none-eabi/4.9.3/../../../../arm-none-eabi/lib/armv7e-m\libg_nano.a(lib_a-fwalk.o)
                0x08003c58                _fwalk_reent
 .text.memset   0x08003c94       0x10 c:/toolsarm/gcc_arm/bin/../lib/gcc/arm-none-eabi/4.9.3/../../../../arm-none-eabi/lib/armv7e-m\libg_nano.a(lib_a-memset.o)
                0x08003c94                memset
 .text._malloc_r
                0x08003ca4       0xac c:/toolsarm/gcc_arm/bin/../lib/gcc/arm-none-eabi/4.9.3/../../../../arm-none-eabi/lib/armv7e-m\libg_nano.a(lib_a-nano-mallocr.o)
                0x08003ca4                _malloc_r
 .text._puts_r  0x08003d50       0xbc c:/toolsarm/gcc_arm/bin/../lib/gcc/arm-none-eabi/4.9.3/../../../../arm-none-eabi/lib/armv7e-m\libg_nano.a(lib_a-puts.o)
                0x08003d50                _puts_r
 .text.puts     0x08003e0c       0x10 c:/toolsarm/gcc_arm/bin/../lib/gcc/arm-none-eabi/4.9.3/../../../../arm-none-eabi/lib/armv7e-m\libg_nano.a(lib_a-puts.o)
                0x08003e0c                puts
 .text._sbrk_r  0x08003e1c       0x20 c:/toolsarm/gcc_arm/bin/../lib/gcc/arm-none-eabi/4.9.3/../../../../arm-none-eabi/lib/armv7e-m\libg_nano.a(lib_a-sbrkr.o)
                0x08003e1c                _sbrk_r
 .text.__sread  0x08003e3c       0x22 c:/toolsarm/gcc_arm/bin/../lib/gcc/arm-none-eabi/4.9.3/../../../../arm-none-eabi/lib/armv7e-m\libg_nano.a(lib_a-stdio.o)
                0x08003e3c                __sread
 .text.__swrite
                0x08003e5e       0x38 c:/toolsarm/gcc_arm/bin/../lib/gcc/arm-none-eabi/4.9.3/../../../../arm-none-eabi/lib/armv7e-m\libg_nano.a(lib_a-stdio.o)
                0x08003e5e                __swrite
 .text.__sseek  0x08003e96       0x24 c:/toolsarm/gcc_arm/bin/../lib/gcc/arm-none-eabi/4.9.3/../../../../arm-none-eabi/lib/armv7e-m\libg_nano.a(lib_a-stdio.o)
                0x08003e96                __sseek
 .text.__sclose
                0x08003eba        0x8 c:/toolsarm/gcc_arm/bin/../lib/gcc/arm-none-eabi/4.9.3/../../../../arm-none-eabi/lib/armv7e-m\libg_nano.a(lib_a-stdio.o)
                0x08003eba                __sclose
 .text.strlen   0x08003ec2       0x10 c:/toolsarm/gcc_arm/bin/../lib/gcc/arm-none-eabi/4.9.3/../../../../arm-none-eabi/lib/armv7e-m\libg_nano.a(lib_a-strlen.o)
                0x08003ec2                strlen
 .text._vsnprintf_r
                0x08003ed2       0x52 c:/toolsarm/gcc_arm/bin/../lib/gcc/arm-none-eabi/4.9.3/../../../../arm-none-eabi/lib/armv7e-m\libg_nano.a(lib_a-vsnprintf.o)
                0x08003ed2                _vsniprintf_r
                0x08003ed2                _vsnprintf_r
 .text.vsnprintf
                0x08003f24       0x20 c:/toolsarm/gcc_arm/bin/../lib/gcc/arm-none-eabi/4.9.3/../../../../arm-none-eabi/lib/armv7e-m\libg_nano.a(lib_a-vsnprintf.o)
                0x08003f24                vsniprintf
                0x08003f24                vsnprintf
 .text.__swbuf_r
                0x08003f44       0xa8 c:/toolsarm/gcc_arm/bin/../lib/gcc/arm-none-eabi/4.9.3/../../../../arm-none-eabi/lib/armv7e-m\libg_nano.a(lib_a-wbuf.o)
                0x08003f44                __swbuf_r
 .text._write_r
                0x08003fec       0x24 c:/toolsarm/gcc_arm/bin/../lib/gcc/arm-none-eabi/4.9.3/../../../../arm-none-eabi/lib/armv7e-m\libg_nano.a(lib_a-writer.o)
                0x08003fec                _write_r
 .text.__swsetup_r
                0x08004010       0xd8 c:/toolsarm/gcc_arm/bin/../lib/gcc/arm-none-eabi/4.9.3/../../../../arm-none-eabi/lib/armv7e-m\libg_nano.a(lib_a-wsetup.o)
                0x08004010                __swsetup_r
 .text._close_r
                0x080040e8       0x20 c:/toolsarm/gcc_arm/bin/../lib/gcc/arm-none-eabi/4.9.3/../../../../arm-none-eabi/lib/armv7e-m\libg_nano.a(lib_a-closer.o)
                0x080040e8                _close_r
 .text.__sflush_r
                0x08004108      0x108 c:/toolsarm/gcc_arm/bin/../lib/gcc/arm-none-eabi/4.9.3/../../../../arm-none-eabi/lib/armv7e-m\libg_nano.a(lib_a-fflush.o)
                0x08004108                __sflush_r
 .text._fflush_r
                0x08004210       0x54 c:/toolsarm/gcc_arm/bin/../lib/gcc/arm-none-eabi/4.9.3/../../../../arm-none-eabi/lib/armv7e-m\libg_nano.a(lib_a-fflush.o)
                0x08004210                _fflush_r
 .text._lseek_r
                0x08004264       0x24 c:/toolsarm/gcc_arm/bin/../lib/gcc/arm-none-eabi/4.9.3/../../../../arm-none-eabi/lib/armv7e-m\libg_nano.a(lib_a-lseekr.o)
                0x08004264                _lseek_r
 .text.__smakebuf_r
                0x08004288       0x9c c:/toolsarm/gcc_arm/bin/../lib/gcc/arm-none-eabi/4.9.3/../../../../arm-none-eabi/lib/armv7e-m\libg_nano.a(lib_a-makebuf.o)
                0x08004288                __smakebuf_r
 .text._free_r  0x08004324       0x88 c:/toolsarm/gcc_arm/bin/../lib/gcc/arm-none-eabi/4.9.3/../../../../arm-none-eabi/lib/armv7e-m\libg_nano.a(lib_a-nano-freer.o)
                0x08004324                _free_r
 .text.__ssputs_r
                0x080043ac       0xb2 c:/toolsarm/gcc_arm/bin/../lib/gcc/arm-none-eabi/4.9.3/../../../../arm-none-eabi/lib/armv7e-m\libg_nano.a(lib_a-nano-svfprintf.o)
                0x080043ac                __ssputs_r
 *fill*         0x0800445e        0x2 
 .text._svfprintf_r
                0x08004460      0x1e4 c:/toolsarm/gcc_arm/bin/../lib/gcc/arm-none-eabi/4.9.3/../../../../arm-none-eabi/lib/armv7e-m\libg_nano.a(lib_a-nano-svfprintf.o)
                0x08004460                _svfiprintf_r
                0x08004460                _svfprintf_r
 .text._printf_common
                0x08004644       0xea c:/toolsarm/gcc_arm/bin/../lib/gcc/arm-none-eabi/4.9.3/../../../../arm-none-eabi/lib/armv7e-m\libg_nano.a(lib_a-nano-vfprintf_i.o)
                0x08004644                _printf_common
 *fill*         0x0800472e        0x2 
 .text._printf_i
                0x08004730      0x234 c:/toolsarm/gcc_arm/bin/../lib/gcc/arm-none-eabi/4.9.3/../../../../arm-none-eabi/lib/armv7e-m\libg_nano.a(lib_a-nano-vfprintf_i.o)
                0x08004730                _printf_i
 .text._read_r  0x08004964       0x24 c:/toolsarm/gcc_arm/bin/../lib/gcc/arm-none-eabi/4.9.3/../../../../arm-none-eabi/lib/armv7e-m\libg_nano.a(lib_a-readr.o)
                0x08004964                _read_r
 .text._fstat_r
                0x08004988       0x24 c:/toolsarm/gcc_arm/bin/../lib/gcc/arm-none-eabi/4.9.3/../../../../arm-none-eabi/lib/armv7e-m\libg_nano.a(lib_a-fstatr.o)
                0x08004988                _fstat_r
 .text._isatty_r
                0x080049ac       0x20 c:/toolsarm/gcc_arm/bin/../lib/gcc/arm-none-eabi/4.9.3/../../../../arm-none-eabi/lib/armv7e-m\libg_nano.a(lib_a-isattyr.o)
                0x080049ac                _isatty_r
 .text.memchr   0x080049cc       0x1e c:/toolsarm/gcc_arm/bin/../lib/gcc/arm-none-eabi/4.9.3/../../../../arm-none-eabi/lib/armv7e-m\libg_nano.a(lib_a-memchr.o)
                0x080049cc                memchr
 .text.memcpy   0x080049ea       0x16 c:/toolsarm/gcc_arm/bin/../lib/gcc/arm-none-eabi/4.9.3/../../../../arm-none-eabi/lib/armv7e-m\libg_nano.a(lib_a-memcpy.o)
                0x080049ea                memcpy
 .text.memmove  0x08004a00       0x36 c:/toolsarm/gcc_arm/bin/../lib/gcc/arm-none-eabi/4.9.3/../../../../arm-none-eabi/lib/armv7e-m\libg_nano.a(lib_a-memmove.o)
                0x08004a00                memmove
 .text._realloc_r
                0x08004a36       0x4c c:/toolsarm/gcc_arm/bin/../lib/gcc/arm-none-eabi/4.9.3/../../../../arm-none-eabi/lib/armv7e-m\libg_nano.a(lib_a-nano-reallocr.o)
                0x08004a36                _realloc_r
 .text._malloc_usable_size_r
                0x08004a82       0x14 c:/toolsarm/gcc_arm/bin/../lib/gcc/arm-none-eabi/4.9.3/../../../../arm-none-eabi/lib/armv7e-m\libg_nano.a(lib_a-nano-msizer.o)
                0x08004a82                _malloc_usable_size_r
 *(.rodata .rodata.* .constdata .constdata.*)
 *fill*         0x08004a96        0x2 
 .rodata        0x08004a98       0x34 ./system/src/stm32f4-hal/stm32f4xx_hal_cortex.o
 .rodata        0x08004acc       0x30 ./system/src/stm32f4-hal/stm32f4xx_hal_gpio.o
 .rodata.APBAHBPrescTable
                0x08004afc       0x10 ./system/src/stm32f4-hal/stm32f4xx_hal_rcc.o
                0x08004afc                APBAHBPrescTable
 .rodata        0x08004b0c       0x30 ./system/src/stm32f4-hal/stm32f4xx_hal_rcc.o
 .rodata        0x08004b3c       0x14 ./system/src/newlib/_exit.o
 .rodata        0x08004b50        0xc ./system/src/newlib/_syscalls.o
 .rodata        0x08004b5c       0x70 ./system/src/newlib/assert.o
 .rodata        0x08004bcc       0x30 ./system/src/diag/Trace.o
 .rodata        0x08004bfc       0x28 ./src/fsmc_nand_if.o
 .rodata._ctype_
                0x08004c24      0x101 c:/toolsarm/gcc_arm/bin/../lib/gcc/arm-none-eabi/4.9.3/../../../../arm-none-eabi/lib/armv7e-m\libg_nano.a(lib_a-ctype_.o)
                0x08004c24                _ctype_
 *fill*         0x08004d25        0x3 
 .rodata.__sf_fake_stdin
                0x08004d28       0x20 c:/toolsarm/gcc_arm/bin/../lib/gcc/arm-none-eabi/4.9.3/../../../../arm-none-eabi/lib/armv7e-m\libg_nano.a(lib_a-findfp.o)
                0x08004d28                __sf_fake_stdin
 .rodata.__sf_fake_stdout
                0x08004d48       0x20 c:/toolsarm/gcc_arm/bin/../lib/gcc/arm-none-eabi/4.9.3/../../../../arm-none-eabi/lib/armv7e-m\libg_nano.a(lib_a-findfp.o)
                0x08004d48                __sf_fake_stdout
 .rodata.__sf_fake_stderr
                0x08004d68       0x20 c:/toolsarm/gcc_arm/bin/../lib/gcc/arm-none-eabi/4.9.3/../../../../arm-none-eabi/lib/armv7e-m\libg_nano.a(lib_a-findfp.o)
                0x08004d68                __sf_fake_stderr
 .rodata.str1.1
                0x08004d88        0x2 c:/toolsarm/gcc_arm/bin/../lib/gcc/arm-none-eabi/4.9.3/../../../../arm-none-eabi/lib/armv7e-m\libg_nano.a(lib_a-impure.o)
 *fill*         0x08004d8a        0x2 
 .rodata._global_impure_ptr
                0x08004d8c        0x4 c:/toolsarm/gcc_arm/bin/../lib/gcc/arm-none-eabi/4.9.3/../../../../arm-none-eabi/lib/armv7e-m\libg_nano.a(lib_a-impure.o)
                0x08004d8c                _global_impure_ptr
 .rodata.str1.1
                0x08004d90       0x11 c:/toolsarm/gcc_arm/bin/../lib/gcc/arm-none-eabi/4.9.3/../../../../arm-none-eabi/lib/armv7e-m\libg_nano.a(lib_a-nano-svfprintf.o)
 .rodata.str1.1
                0x08004da1       0x22 c:/toolsarm/gcc_arm/bin/../lib/gcc/arm-none-eabi/4.9.3/../../../../arm-none-eabi/lib/armv7e-m\libg_nano.a(lib_a-nano-vfprintf_i.o)
 *(vtable)
 *(.eh_frame*)
 *(.glue_7)
 .glue_7        0x00000000        0x0 linker stubs
 *(.glue_7t)
 .glue_7t       0x00000000        0x0 linker stubs

.vfp11_veneer   0x08004dc4        0x0
 .vfp11_veneer  0x00000000        0x0 linker stubs

.v4_bx          0x08004dc4        0x0
 .v4_bx         0x00000000        0x0 linker stubs

.iplt           0x08004dc4        0x0
 .iplt          0x00000000        0x0 ./system/src/stm32f4-hal/stm32f4xx_hal.o

.rel.dyn        0x08004dc4        0x0
 .rel.iplt      0x00000000        0x0 ./system/src/stm32f4-hal/stm32f4xx_hal.o

.ARM.extab
 *(.ARM.extab* .gnu.linkonce.armextab.*)
                0x08004dc4                . = ALIGN (0x4)
                0x08004dc4                __exidx_start = .

.ARM.exidx
 *(.ARM.exidx* .gnu.linkonce.armexidx.*)
                0x08004dc4                __exidx_end = .
                0x08004dc4                . = ALIGN (0x4)
                0x08004dc4                _etext = .
                0x08004dc4                __etext = .

.data_CCMRAM    0x10000000        0x0 load address 0x08004dc4
 FILL mask 0xff
 *(.data.CCMRAM .data.CCMRAM.*)
                0x10000000                . = ALIGN (0x4)
                0x08004dc4                _sidata = LOADADDR (.data)

.data           0x20000000      0x108 load address 0x08004dc4
 FILL mask 0xff
                0x20000000                _sdata = .
                0x20000000                __data_start__ = .
 *(.data_begin .data_begin.*)
 .data_begin    0x20000000        0x4 ./system/src/newlib/_startup.o
 *(.data .data.*)
 .data.SystemCoreClock
                0x20000004        0x4 ./system/src/cmsis/system_stm32f4xx.o
                0x20000004                SystemCoreClock
 .data.DeviceParameter
                0x20000008       0x90 ./src/fsmc_nand_if.o
 .data.ONFI_NAND_STATE
                0x20000098        0x1 ./src/fsmc_nand_if.o
                0x20000098                ONFI_NAND_STATE
 .data.COPY_STATE
                0x20000099        0x1 ./src/nand_drv.o
                0x20000099                COPY_STATE
 *fill*         0x2000009a        0x2 
 .data.__ctype_ptr__
                0x2000009c        0x4 c:/toolsarm/gcc_arm/bin/../lib/gcc/arm-none-eabi/4.9.3/../../../../arm-none-eabi/lib/armv7e-m\libg_nano.a(lib_a-ctype_.o)
                0x2000009c                __ctype_ptr__
 .data.impure_data
                0x200000a0       0x60 c:/toolsarm/gcc_arm/bin/../lib/gcc/arm-none-eabi/4.9.3/../../../../arm-none-eabi/lib/armv7e-m\libg_nano.a(lib_a-impure.o)
 .data._impure_ptr
                0x20000100        0x4 c:/toolsarm/gcc_arm/bin/../lib/gcc/arm-none-eabi/4.9.3/../../../../arm-none-eabi/lib/armv7e-m\libg_nano.a(lib_a-impure.o)
                0x20000100                _impure_ptr
 *(.data_end .data_end.*)
 .data_end      0x20000104        0x4 ./system/src/newlib/_startup.o
                0x20000108                . = ALIGN (0x4)
                0x20000108                _edata = .
                0x20000108                __data_end__ = .

.igot.plt       0x20000108        0x0 load address 0x08004ecc
 .igot.plt      0x00000000        0x0 ./system/src/stm32f4-hal/stm32f4xx_hal.o

.bss_CCMRAM     0x10000000        0x0
 *(.bss.CCMRAM .bss.CCMRAM.*)

.bss            0x20000108     0x4038
                0x20000108                __bss_start__ = .
                0x20000108                _sbss = .
 *(.bss_begin .bss_begin.*)
 .bss_begin     0x20000108        0x4 ./system/src/newlib/_startup.o
 *(.bss .bss.*)
 .bss.uwTick    0x2000010c        0x4 ./system/src/stm32f4-hal/stm32f4xx_hal.o
 .bss.current_heap_end.4304
                0x20000110        0x4 ./system/src/newlib/_sbrk.o
 .bss.openfiles
                0x20000114       0xa0 ./system/src/newlib/_syscalls.o
 .bss.monitor_stdin
                0x200001b4        0x4 ./system/src/newlib/_syscalls.o
 .bss.monitor_stdout
                0x200001b8        0x4 ./system/src/newlib/_syscalls.o
 .bss.monitor_stderr
                0x200001bc        0x4 ./system/src/newlib/_syscalls.o
 .bss.args_buf.5882
                0x200001c0       0x50 ./system/src/newlib/_syscalls.o
 .bss.argv_buf.5883
                0x20000210       0x28 ./system/src/newlib/_syscalls.o
 .bss.buf.5385  0x20000238       0x80 ./system/src/diag/Trace.o
 .bss.NAND_TYPE
                0x200002b8        0x1 ./src/fsmc_nand_if.o
                0x200002b8                NAND_TYPE
 .bss.NAND_MAKER
                0x200002b9        0x1 ./src/fsmc_nand_if.o
                0x200002b9                NAND_MAKER
 *fill*         0x200002ba        0x2 
 .bss.LUT       0x200002bc     0x1000 ./src/nand_drv.o
                0x200002bc                LUT
 .bss.ArrayIndex
                0x200012bc      0x800 ./src/nand_drv.o
                0x200012bc                ArrayIndex
 .bss.WearCountArray
                0x20001abc      0x800 ./src/nand_drv.o
                0x20001abc                WearCountArray
 .bss.__malloc_sbrk_start
                0x200022bc        0x4 c:/toolsarm/gcc_arm/bin/../lib/gcc/arm-none-eabi/4.9.3/../../../../arm-none-eabi/lib/armv7e-m\libg_nano.a(lib_a-nano-mallocr.o)
                0x200022bc                __malloc_sbrk_start
 .bss.__malloc_free_list
                0x200022c0        0x4 c:/toolsarm/gcc_arm/bin/../lib/gcc/arm-none-eabi/4.9.3/../../../../arm-none-eabi/lib/armv7e-m\libg_nano.a(lib_a-nano-mallocr.o)
                0x200022c0                __malloc_free_list
 *(COMMON)
 COMMON         0x200022c4        0x4 ./system/src/newlib/_syscalls.o
                0x200022c4                errno
 COMMON         0x200022c8       0x58 ./src/fsmc_nand_if.o
                0x200022c8                MaxZone
                0x200022cc                MassBlockSize
                0x200022d0                MaxPhyBlockPerZone
                0x200022d2                NUM_ADDR_CYCLE
                0x200022d4                ActualPageSize
                0x200022d6                ActualSpareAreaSize
                0x200022d8                SblkSpareAreaSize
                0x200022da                Multiplier
                0x200022dc                NandBlockSize
                0x200022e0                ONFI_NandParam
                0x20002318                MassBlockCount
                0x2000231c                MaxLogBlockPerZone
                0x2000231e                RW_PageSize
 COMMON         0x20002320      0x400 ./src/main.o
                0x20002320                dataToRead
                0x20002520                dataToWrite
 COMMON         0x20002720     0x1a19 ./src/nand_drv.o
                0x20002720                Victim
                0x20003f20                Write_State
                0x20003f24                Buff
                0x20004124                OldIndex
                0x20004126                LogAddress
                0x20004128                WAddress
                0x2000412e                NewIndex
                0x20004130                FAddress
                0x20004136                PhyBlock
                0x20004138                Block_State
 *(.bss_end .bss_end.*)
 *fill*         0x20004139        0x3 
 .bss_end       0x2000413c        0x4 ./system/src/newlib/_startup.o
                0x20004140                . = ALIGN (0x4)
                0x20004140                __bss_end__ = .
                0x20004140                _ebss = .

.noinit_CCMRAM
 *(.noinit.CCMRAM .noinit.CCMRAM.*)

.noinit         0x20004140        0x0
                0x20004140                _noinit = .
 *(.noinit .noinit.*)
                0x20004140                . = ALIGN (0x4)
                0x20004140                _end_noinit = .
                0x20004140                PROVIDE (end, _end_noinit)
                0x20004140                PROVIDE (_end, _end_noinit)
                0x20004140                PROVIDE (__end, _end_noinit)
                0x20004140                PROVIDE (__end__, _end_noinit)

._check_stack   0x20004140      0x100
                0x20004240                . = (. + _Minimum_Stack_Size)
 *fill*         0x20004140      0x100 

.b1text
 *(.b1text)
 *(.b1rodata)
 *(.b1rodata.*)

.eb0text
 *(.eb0text)
 *(.eb0rodata)
 *(.eb0rodata.*)

.eb1text
 *(.eb1text)
 *(.eb1rodata)
 *(.eb1rodata.*)

.eb2text
 *(.eb2text)
 *(.eb2rodata)
 *(.eb2rodata.*)

.eb3text
 *(.eb3text)
 *(.eb3rodata)
 *(.eb3rodata.*)

.stab
 *(.stab)

.stabstr
 *(.stabstr)

.stab.excl
 *(.stab.excl)

.stab.exclstr
 *(.stab.exclstr)

.stab.index
 *(.stab.index)

.stab.indexstr
 *(.stab.indexstr)

.comment        0x00000000       0x70
 *(.comment)
 .comment       0x00000000       0x70 ./system/src/stm32f4-hal/stm32f4xx_hal.o
                                 0x71 (size before relaxing)
 .comment       0x00000000       0x71 ./system/src/stm32f4-hal/stm32f4xx_hal_cortex.o
 .comment       0x00000000       0x71 ./system/src/stm32f4-hal/stm32f4xx_hal_gpio.o
 .comment       0x00000000       0x71 ./system/src/stm32f4-hal/stm32f4xx_hal_rcc.o
 .comment       0x00000000       0x71 ./system/src/newlib/_exit.o
 .comment       0x00000000       0x71 ./system/src/newlib/_sbrk.o
 .comment       0x00000000       0x71 ./system/src/newlib/_startup.o
 .comment       0x00000000       0x71 ./system/src/newlib/_syscalls.o
 .comment       0x00000000       0x71 ./system/src/newlib/assert.o
 .comment       0x00000000       0x71 ./system/src/diag/Trace.o
 .comment       0x00000000       0x71 ./system/src/diag/trace_impl.o
 .comment       0x00000000       0x71 ./system/src/cortexm/_initialize_hardware.o
 .comment       0x00000000       0x71 ./system/src/cortexm/exception_handlers.o
 .comment       0x00000000       0x71 ./system/src/cmsis/system_stm32f4xx.o
 .comment       0x00000000       0x71 ./system/src/cmsis/vectors_stm32f4xx.o
 .comment       0x00000000       0x71 ./src/_initialize_hardware.o
 .comment       0x00000000       0x71 ./src/fsmc_nand_if.o
 .comment       0x00000000       0x71 ./src/main.o
 .comment       0x00000000       0x71 ./src/nand_drv.o

.ARM.attributes
                0x00000000       0x33
 .ARM.attributes
                0x00000000       0x33 ./system/src/stm32f4-hal/stm32f4xx_hal.o
 .ARM.attributes
                0x00000033       0x33 ./system/src/stm32f4-hal/stm32f4xx_hal_cortex.o
 .ARM.attributes
                0x00000066       0x33 ./system/src/stm32f4-hal/stm32f4xx_hal_gpio.o
 .ARM.attributes
                0x00000099       0x33 ./system/src/stm32f4-hal/stm32f4xx_hal_rcc.o
 .ARM.attributes
                0x000000cc       0x33 ./system/src/newlib/_exit.o
 .ARM.attributes
                0x000000ff       0x33 ./system/src/newlib/_sbrk.o
 .ARM.attributes
                0x00000132       0x33 ./system/src/newlib/_startup.o
 .ARM.attributes
                0x00000165       0x33 ./system/src/newlib/_syscalls.o
 .ARM.attributes
                0x00000198       0x33 ./system/src/newlib/assert.o
 .ARM.attributes
                0x000001cb       0x33 ./system/src/diag/Trace.o
 .ARM.attributes
                0x000001fe       0x33 ./system/src/diag/trace_impl.o
 .ARM.attributes
                0x00000231       0x33 ./system/src/cortexm/_initialize_hardware.o
 .ARM.attributes
                0x00000264       0x33 ./system/src/cortexm/exception_handlers.o
 .ARM.attributes
                0x00000297       0x33 ./system/src/cmsis/system_stm32f4xx.o
 .ARM.attributes
                0x000002ca       0x33 ./system/src/cmsis/vectors_stm32f4xx.o
 .ARM.attributes
                0x000002fd       0x33 ./src/_initialize_hardware.o
 .ARM.attributes
                0x00000330       0x33 ./src/fsmc_nand_if.o
 .ARM.attributes
                0x00000363       0x33 ./src/main.o
 .ARM.attributes
                0x00000396       0x33 ./src/nand_drv.o
 .ARM.attributes
                0x000003c9       0x2e c:/toolsarm/gcc_arm/bin/../lib/gcc/arm-none-eabi/4.9.3/../../../../arm-none-eabi/lib/armv7e-m\libg_nano.a(lib_a-ctype_.o)
 .ARM.attributes
                0x000003f7       0x2e c:/toolsarm/gcc_arm/bin/../lib/gcc/arm-none-eabi/4.9.3/../../../../arm-none-eabi/lib/armv7e-m\libg_nano.a(lib_a-errno.o)
 .ARM.attributes
                0x00000425       0x2e c:/toolsarm/gcc_arm/bin/../lib/gcc/arm-none-eabi/4.9.3/../../../../arm-none-eabi/lib/armv7e-m\libg_nano.a(lib_a-findfp.o)
 .ARM.attributes
                0x00000453       0x2e c:/toolsarm/gcc_arm/bin/../lib/gcc/arm-none-eabi/4.9.3/../../../../arm-none-eabi/lib/armv7e-m\libg_nano.a(lib_a-fwalk.o)
 .ARM.attributes
                0x00000481       0x2e c:/toolsarm/gcc_arm/bin/../lib/gcc/arm-none-eabi/4.9.3/../../../../arm-none-eabi/lib/armv7e-m\libg_nano.a(lib_a-impure.o)
 .ARM.attributes
                0x000004af       0x2e c:/toolsarm/gcc_arm/bin/../lib/gcc/arm-none-eabi/4.9.3/../../../../arm-none-eabi/lib/armv7e-m\libg_nano.a(lib_a-memset.o)
 .ARM.attributes
                0x000004dd       0x2e c:/toolsarm/gcc_arm/bin/../lib/gcc/arm-none-eabi/4.9.3/../../../../arm-none-eabi/lib/armv7e-m\libg_nano.a(lib_a-nano-mallocr.o)
 .ARM.attributes
                0x0000050b       0x2e c:/toolsarm/gcc_arm/bin/../lib/gcc/arm-none-eabi/4.9.3/../../../../arm-none-eabi/lib/armv7e-m\libg_nano.a(lib_a-puts.o)
 .ARM.attributes
                0x00000539       0x2e c:/toolsarm/gcc_arm/bin/../lib/gcc/arm-none-eabi/4.9.3/../../../../arm-none-eabi/lib/armv7e-m\libg_nano.a(lib_a-sbrkr.o)
 .ARM.attributes
                0x00000567       0x2e c:/toolsarm/gcc_arm/bin/../lib/gcc/arm-none-eabi/4.9.3/../../../../arm-none-eabi/lib/armv7e-m\libg_nano.a(lib_a-stdio.o)
 .ARM.attributes
                0x00000595       0x2e c:/toolsarm/gcc_arm/bin/../lib/gcc/arm-none-eabi/4.9.3/../../../../arm-none-eabi/lib/armv7e-m\libg_nano.a(lib_a-strlen.o)
 .ARM.attributes
                0x000005c3       0x2e c:/toolsarm/gcc_arm/bin/../lib/gcc/arm-none-eabi/4.9.3/../../../../arm-none-eabi/lib/armv7e-m\libg_nano.a(lib_a-vsnprintf.o)
 .ARM.attributes
                0x000005f1       0x2e c:/toolsarm/gcc_arm/bin/../lib/gcc/arm-none-eabi/4.9.3/../../../../arm-none-eabi/lib/armv7e-m\libg_nano.a(lib_a-wbuf.o)
 .ARM.attributes
                0x0000061f       0x2e c:/toolsarm/gcc_arm/bin/../lib/gcc/arm-none-eabi/4.9.3/../../../../arm-none-eabi/lib/armv7e-m\libg_nano.a(lib_a-writer.o)
 .ARM.attributes
                0x0000064d       0x2e c:/toolsarm/gcc_arm/bin/../lib/gcc/arm-none-eabi/4.9.3/../../../../arm-none-eabi/lib/armv7e-m\libg_nano.a(lib_a-wsetup.o)
 .ARM.attributes
                0x0000067b       0x2e c:/toolsarm/gcc_arm/bin/../lib/gcc/arm-none-eabi/4.9.3/../../../../arm-none-eabi/lib/armv7e-m\libg_nano.a(lib_a-closer.o)
 .ARM.attributes
                0x000006a9       0x2e c:/toolsarm/gcc_arm/bin/../lib/gcc/arm-none-eabi/4.9.3/../../../../arm-none-eabi/lib/armv7e-m\libg_nano.a(lib_a-fflush.o)
 .ARM.attributes
                0x000006d7       0x2e c:/toolsarm/gcc_arm/bin/../lib/gcc/arm-none-eabi/4.9.3/../../../../arm-none-eabi/lib/armv7e-m\libg_nano.a(lib_a-lseekr.o)
 .ARM.attributes
                0x00000705       0x2e c:/toolsarm/gcc_arm/bin/../lib/gcc/arm-none-eabi/4.9.3/../../../../arm-none-eabi/lib/armv7e-m\libg_nano.a(lib_a-makebuf.o)
 .ARM.attributes
                0x00000733       0x2e c:/toolsarm/gcc_arm/bin/../lib/gcc/arm-none-eabi/4.9.3/../../../../arm-none-eabi/lib/armv7e-m\libg_nano.a(lib_a-nano-freer.o)
 .ARM.attributes
                0x00000761       0x2e c:/toolsarm/gcc_arm/bin/../lib/gcc/arm-none-eabi/4.9.3/../../../../arm-none-eabi/lib/armv7e-m\libg_nano.a(lib_a-nano-svfprintf.o)
 .ARM.attributes
                0x0000078f       0x2e c:/toolsarm/gcc_arm/bin/../lib/gcc/arm-none-eabi/4.9.3/../../../../arm-none-eabi/lib/armv7e-m\libg_nano.a(lib_a-nano-vfprintf_i.o)
 .ARM.attributes
                0x000007bd       0x2e c:/toolsarm/gcc_arm/bin/../lib/gcc/arm-none-eabi/4.9.3/../../../../arm-none-eabi/lib/armv7e-m\libg_nano.a(lib_a-readr.o)
 .ARM.attributes
                0x000007eb       0x2e c:/toolsarm/gcc_arm/bin/../lib/gcc/arm-none-eabi/4.9.3/../../../../arm-none-eabi/lib/armv7e-m\libg_nano.a(lib_a-fstatr.o)
 .ARM.attributes
                0x00000819       0x2e c:/toolsarm/gcc_arm/bin/../lib/gcc/arm-none-eabi/4.9.3/../../../../arm-none-eabi/lib/armv7e-m\libg_nano.a(lib_a-isattyr.o)
 .ARM.attributes
                0x00000847       0x2e c:/toolsarm/gcc_arm/bin/../lib/gcc/arm-none-eabi/4.9.3/../../../../arm-none-eabi/lib/armv7e-m\libg_nano.a(lib_a-memchr.o)
 .ARM.attributes
                0x00000875       0x2e c:/toolsarm/gcc_arm/bin/../lib/gcc/arm-none-eabi/4.9.3/../../../../arm-none-eabi/lib/armv7e-m\libg_nano.a(lib_a-memcpy.o)
 .ARM.attributes
                0x000008a3       0x2e c:/toolsarm/gcc_arm/bin/../lib/gcc/arm-none-eabi/4.9.3/../../../../arm-none-eabi/lib/armv7e-m\libg_nano.a(lib_a-memmove.o)
 .ARM.attributes
                0x000008d1       0x2e c:/toolsarm/gcc_arm/bin/../lib/gcc/arm-none-eabi/4.9.3/../../../../arm-none-eabi/lib/armv7e-m\libg_nano.a(lib_a-nano-reallocr.o)
 .ARM.attributes
                0x000008ff       0x2e c:/toolsarm/gcc_arm/bin/../lib/gcc/arm-none-eabi/4.9.3/../../../../arm-none-eabi/lib/armv7e-m\libg_nano.a(lib_a-nano-msizer.o)

.debug
 *(.debug)

.line
 *(.line)

.debug_srcinfo
 *(.debug_srcinfo)

.debug_sfnames
 *(.debug_sfnames)

.debug_aranges  0x00000000      0x800
 *(.debug_aranges)
 .debug_aranges
                0x00000000       0xc0 ./system/src/stm32f4-hal/stm32f4xx_hal.o
 .debug_aranges
                0x000000c0      0x100 ./system/src/stm32f4-hal/stm32f4xx_hal_cortex.o
 .debug_aranges
                0x000001c0       0x58 ./system/src/stm32f4-hal/stm32f4xx_hal_gpio.o
 .debug_aranges
                0x00000218       0x88 ./system/src/stm32f4-hal/stm32f4xx_hal_rcc.o
 .debug_aranges
                0x000002a0       0x28 ./system/src/newlib/_exit.o
 .debug_aranges
                0x000002c8       0x20 ./system/src/newlib/_sbrk.o
 .debug_aranges
                0x000002e8       0x40 ./system/src/newlib/_startup.o
 .debug_aranges
                0x00000328      0x120 ./system/src/newlib/_syscalls.o
 .debug_aranges
                0x00000448       0x28 ./system/src/newlib/assert.o
 .debug_aranges
                0x00000470       0x38 ./system/src/diag/Trace.o
 .debug_aranges
                0x000004a8       0x30 ./system/src/diag/trace_impl.o
 .debug_aranges
                0x000004d8       0x28 ./system/src/cortexm/_initialize_hardware.o
 .debug_aranges
                0x00000500       0x68 ./system/src/cortexm/exception_handlers.o
 .debug_aranges
                0x00000568       0x28 ./system/src/cmsis/system_stm32f4xx.o
 .debug_aranges
                0x00000590       0x20 ./system/src/cmsis/vectors_stm32f4xx.o
 .debug_aranges
                0x000005b0       0x28 ./src/_initialize_hardware.o
 .debug_aranges
                0x000005d8       0xc8 ./src/fsmc_nand_if.o
 .debug_aranges
                0x000006a0       0x28 ./src/main.o
 .debug_aranges
                0x000006c8      0x138 ./src/nand_drv.o

.debug_pubnames
 *(.debug_pubnames)

.debug_info     0x00000000     0x8457
 *(.debug_info .gnu.linkonce.wi.*)
 .debug_info    0x00000000      0x7ca ./system/src/stm32f4-hal/stm32f4xx_hal.o
 .debug_info    0x000007ca      0xb6a ./system/src/stm32f4-hal/stm32f4xx_hal_cortex.o
 .debug_info    0x00001334      0x6ee ./system/src/stm32f4-hal/stm32f4xx_hal_gpio.o
 .debug_info    0x00001a22      0xe27 ./system/src/stm32f4-hal/stm32f4xx_hal_rcc.o
 .debug_info    0x00002849       0xba ./system/src/newlib/_exit.o
 .debug_info    0x00002903      0x109 ./system/src/newlib/_sbrk.o
 .debug_info    0x00002a0c      0x467 ./system/src/newlib/_startup.o
 .debug_info    0x00002e73     0x1a74 ./system/src/newlib/_syscalls.o
 .debug_info    0x000048e7      0x142 ./system/src/newlib/assert.o
 .debug_info    0x00004a29      0x1cf ./system/src/diag/Trace.o
 .debug_info    0x00004bf8      0x35e ./system/src/diag/trace_impl.o
 .debug_info    0x00004f56       0xc0 ./system/src/cortexm/_initialize_hardware.o
 .debug_info    0x00005016       0xd4 ./system/src/cortexm/exception_handlers.o
 .debug_info    0x000050ea      0x4a2 ./system/src/cmsis/system_stm32f4xx.o
 .debug_info    0x0000558c       0x92 ./system/src/cmsis/vectors_stm32f4xx.o
 .debug_info    0x0000561e      0x401 ./src/_initialize_hardware.o
 .debug_info    0x00005a1f     0x1150 ./src/fsmc_nand_if.o
 .debug_info    0x00006b6f      0x585 ./src/main.o
 .debug_info    0x000070f4     0x1363 ./src/nand_drv.o

.debug_abbrev   0x00000000     0x1aaa
 *(.debug_abbrev)
 .debug_abbrev  0x00000000      0x18f ./system/src/stm32f4-hal/stm32f4xx_hal.o
 .debug_abbrev  0x0000018f      0x282 ./system/src/stm32f4-hal/stm32f4xx_hal_cortex.o
 .debug_abbrev  0x00000411      0x1a4 ./system/src/stm32f4-hal/stm32f4xx_hal_gpio.o
 .debug_abbrev  0x000005b5      0x28c ./system/src/stm32f4-hal/stm32f4xx_hal_rcc.o
 .debug_abbrev  0x00000841       0x6e ./system/src/newlib/_exit.o
 .debug_abbrev  0x000008af       0x8e ./system/src/newlib/_sbrk.o
 .debug_abbrev  0x0000093d      0x16a ./system/src/newlib/_startup.o
 .debug_abbrev  0x00000aa7      0x3b9 ./system/src/newlib/_syscalls.o
 .debug_abbrev  0x00000e60       0x73 ./system/src/newlib/assert.o
 .debug_abbrev  0x00000ed3       0xf0 ./system/src/diag/Trace.o
 .debug_abbrev  0x00000fc3      0x1bb ./system/src/diag/trace_impl.o
 .debug_abbrev  0x0000117e       0x6a ./system/src/cortexm/_initialize_hardware.o
 .debug_abbrev  0x000011e8       0x47 ./system/src/cortexm/exception_handlers.o
 .debug_abbrev  0x0000122f      0x104 ./system/src/cmsis/system_stm32f4xx.o
 .debug_abbrev  0x00001333       0x92 ./system/src/cmsis/vectors_stm32f4xx.o
 .debug_abbrev  0x000013c5      0x108 ./src/_initialize_hardware.o
 .debug_abbrev  0x000014cd      0x235 ./src/fsmc_nand_if.o
 .debug_abbrev  0x00001702      0x18a ./src/main.o
 .debug_abbrev  0x0000188c      0x21e ./src/nand_drv.o

.debug_line     0x00000000     0x852d
 *(.debug_line)
 .debug_line    0x00000000      0x8f6 ./system/src/stm32f4-hal/stm32f4xx_hal.o
 .debug_line    0x000008f6      0xa82 ./system/src/stm32f4-hal/stm32f4xx_hal_cortex.o
 .debug_line    0x00001378      0xa59 ./system/src/stm32f4-hal/stm32f4xx_hal_gpio.o
 .debug_line    0x00001dd1      0xcb4 ./system/src/stm32f4-hal/stm32f4xx_hal_rcc.o
 .debug_line    0x00002a85      0x22d ./system/src/newlib/_exit.o
 .debug_line    0x00002cb2      0x1d0 ./system/src/newlib/_sbrk.o
 .debug_line    0x00002e82      0x2b3 ./system/src/newlib/_startup.o
 .debug_line    0x00003135      0x7f8 ./system/src/newlib/_syscalls.o
 .debug_line    0x0000392d      0x280 ./system/src/newlib/assert.o
 .debug_line    0x00003bad      0x28b ./system/src/diag/Trace.o
 .debug_line    0x00003e38      0x8b2 ./system/src/diag/trace_impl.o
 .debug_line    0x000046ea      0x79c ./system/src/cortexm/_initialize_hardware.o
 .debug_line    0x00004e86       0xc0 ./system/src/cortexm/exception_handlers.o
 .debug_line    0x00004f46      0x79d ./system/src/cmsis/system_stm32f4xx.o
 .debug_line    0x000056e3       0x8e ./system/src/cmsis/vectors_stm32f4xx.o
 .debug_line    0x00005771      0x78e ./src/_initialize_hardware.o
 .debug_line    0x00005eff      0xd20 ./src/fsmc_nand_if.o
 .debug_line    0x00006c1f      0x894 ./src/main.o
 .debug_line    0x000074b3     0x107a ./src/nand_drv.o

.debug_frame    0x00000000     0x2454
 *(.debug_frame)
 .debug_frame   0x00000000      0x2b0 ./system/src/stm32f4-hal/stm32f4xx_hal.o
 .debug_frame   0x000002b0      0x424 ./system/src/stm32f4-hal/stm32f4xx_hal_cortex.o
 .debug_frame   0x000006d4      0x13c ./system/src/stm32f4-hal/stm32f4xx_hal_gpio.o
 .debug_frame   0x00000810      0x204 ./system/src/stm32f4-hal/stm32f4xx_hal_rcc.o
 .debug_frame   0x00000a14       0x48 ./system/src/newlib/_exit.o
 .debug_frame   0x00000a5c       0x34 ./system/src/newlib/_sbrk.o
 .debug_frame   0x00000a90       0xc8 ./system/src/newlib/_startup.o
 .debug_frame   0x00000b58      0x50c ./system/src/newlib/_syscalls.o
 .debug_frame   0x00001064       0x50 ./system/src/newlib/assert.o
 .debug_frame   0x000010b4       0xb8 ./system/src/diag/Trace.o
 .debug_frame   0x0000116c       0x7c ./system/src/diag/trace_impl.o
 .debug_frame   0x000011e8       0x48 ./system/src/cortexm/_initialize_hardware.o
 .debug_frame   0x00001230      0x10c ./system/src/cortexm/exception_handlers.o
 .debug_frame   0x0000133c       0x58 ./system/src/cmsis/system_stm32f4xx.o
 .debug_frame   0x00001394       0x28 ./system/src/cmsis/vectors_stm32f4xx.o
 .debug_frame   0x000013bc       0x50 ./src/_initialize_hardware.o
 .debug_frame   0x0000140c      0x354 ./src/fsmc_nand_if.o
 .debug_frame   0x00001760       0x54 ./src/main.o
 .debug_frame   0x000017b4      0x574 ./src/nand_drv.o
 .debug_frame   0x00001d28       0x20 c:/toolsarm/gcc_arm/bin/../lib/gcc/arm-none-eabi/4.9.3/../../../../arm-none-eabi/lib/armv7e-m\libg_nano.a(lib_a-errno.o)
 .debug_frame   0x00001d48      0x11c c:/toolsarm/gcc_arm/bin/../lib/gcc/arm-none-eabi/4.9.3/../../../../arm-none-eabi/lib/armv7e-m\libg_nano.a(lib_a-findfp.o)
 .debug_frame   0x00001e64       0x54 c:/toolsarm/gcc_arm/bin/../lib/gcc/arm-none-eabi/4.9.3/../../../../arm-none-eabi/lib/armv7e-m\libg_nano.a(lib_a-fwalk.o)
 .debug_frame   0x00001eb8       0x20 c:/toolsarm/gcc_arm/bin/../lib/gcc/arm-none-eabi/4.9.3/../../../../arm-none-eabi/lib/armv7e-m\libg_nano.a(lib_a-memset.o)
 .debug_frame   0x00001ed8       0x2c c:/toolsarm/gcc_arm/bin/../lib/gcc/arm-none-eabi/4.9.3/../../../../arm-none-eabi/lib/armv7e-m\libg_nano.a(lib_a-nano-mallocr.o)
 .debug_frame   0x00001f04       0x3c c:/toolsarm/gcc_arm/bin/../lib/gcc/arm-none-eabi/4.9.3/../../../../arm-none-eabi/lib/armv7e-m\libg_nano.a(lib_a-puts.o)
 .debug_frame   0x00001f40       0x2c c:/toolsarm/gcc_arm/bin/../lib/gcc/arm-none-eabi/4.9.3/../../../../arm-none-eabi/lib/armv7e-m\libg_nano.a(lib_a-sbrkr.o)
 .debug_frame   0x00001f6c       0x88 c:/toolsarm/gcc_arm/bin/../lib/gcc/arm-none-eabi/4.9.3/../../../../arm-none-eabi/lib/armv7e-m\libg_nano.a(lib_a-stdio.o)
 .debug_frame   0x00001ff4       0x20 c:/toolsarm/gcc_arm/bin/../lib/gcc/arm-none-eabi/4.9.3/../../../../arm-none-eabi/lib/armv7e-m\libg_nano.a(lib_a-strlen.o)
 .debug_frame   0x00002014       0x50 c:/toolsarm/gcc_arm/bin/../lib/gcc/arm-none-eabi/4.9.3/../../../../arm-none-eabi/lib/armv7e-m\libg_nano.a(lib_a-vsnprintf.o)
 .debug_frame   0x00002064       0x3c c:/toolsarm/gcc_arm/bin/../lib/gcc/arm-none-eabi/4.9.3/../../../../arm-none-eabi/lib/armv7e-m\libg_nano.a(lib_a-wbuf.o)
 .debug_frame   0x000020a0       0x2c c:/toolsarm/gcc_arm/bin/../lib/gcc/arm-none-eabi/4.9.3/../../../../arm-none-eabi/lib/armv7e-m\libg_nano.a(lib_a-writer.o)
 .debug_frame   0x000020cc       0x2c c:/toolsarm/gcc_arm/bin/../lib/gcc/arm-none-eabi/4.9.3/../../../../arm-none-eabi/lib/armv7e-m\libg_nano.a(lib_a-wsetup.o)
 .debug_frame   0x000020f8       0x2c c:/toolsarm/gcc_arm/bin/../lib/gcc/arm-none-eabi/4.9.3/../../../../arm-none-eabi/lib/armv7e-m\libg_nano.a(lib_a-closer.o)
 .debug_frame   0x00002124       0x68 c:/toolsarm/gcc_arm/bin/../lib/gcc/arm-none-eabi/4.9.3/../../../../arm-none-eabi/lib/armv7e-m\libg_nano.a(lib_a-fflush.o)
 .debug_frame   0x0000218c       0x2c c:/toolsarm/gcc_arm/bin/../lib/gcc/arm-none-eabi/4.9.3/../../../../arm-none-eabi/lib/armv7e-m\libg_nano.a(lib_a-lseekr.o)
 .debug_frame   0x000021b8       0x34 c:/toolsarm/gcc_arm/bin/../lib/gcc/arm-none-eabi/4.9.3/../../../../arm-none-eabi/lib/armv7e-m\libg_nano.a(lib_a-makebuf.o)
 .debug_frame   0x000021ec       0x2c c:/toolsarm/gcc_arm/bin/../lib/gcc/arm-none-eabi/4.9.3/../../../../arm-none-eabi/lib/armv7e-m\libg_nano.a(lib_a-nano-freer.o)
 .debug_frame   0x00002218       0x8c c:/toolsarm/gcc_arm/bin/../lib/gcc/arm-none-eabi/4.9.3/../../../../arm-none-eabi/lib/armv7e-m\libg_nano.a(lib_a-nano-svfprintf.o)
 .debug_frame   0x000022a4       0x58 c:/toolsarm/gcc_arm/bin/../lib/gcc/arm-none-eabi/4.9.3/../../../../arm-none-eabi/lib/armv7e-m\libg_nano.a(lib_a-nano-vfprintf_i.o)
 .debug_frame   0x000022fc       0x2c c:/toolsarm/gcc_arm/bin/../lib/gcc/arm-none-eabi/4.9.3/../../../../arm-none-eabi/lib/armv7e-m\libg_nano.a(lib_a-readr.o)
 .debug_frame   0x00002328       0x2c c:/toolsarm/gcc_arm/bin/../lib/gcc/arm-none-eabi/4.9.3/../../../../arm-none-eabi/lib/armv7e-m\libg_nano.a(lib_a-fstatr.o)
 .debug_frame   0x00002354       0x2c c:/toolsarm/gcc_arm/bin/../lib/gcc/arm-none-eabi/4.9.3/../../../../arm-none-eabi/lib/armv7e-m\libg_nano.a(lib_a-isattyr.o)
 .debug_frame   0x00002380       0x28 c:/toolsarm/gcc_arm/bin/../lib/gcc/arm-none-eabi/4.9.3/../../../../arm-none-eabi/lib/armv7e-m\libg_nano.a(lib_a-memchr.o)
 .debug_frame   0x000023a8       0x28 c:/toolsarm/gcc_arm/bin/../lib/gcc/arm-none-eabi/4.9.3/../../../../arm-none-eabi/lib/armv7e-m\libg_nano.a(lib_a-memcpy.o)
 .debug_frame   0x000023d0       0x28 c:/toolsarm/gcc_arm/bin/../lib/gcc/arm-none-eabi/4.9.3/../../../../arm-none-eabi/lib/armv7e-m\libg_nano.a(lib_a-memmove.o)
 .debug_frame   0x000023f8       0x3c c:/toolsarm/gcc_arm/bin/../lib/gcc/arm-none-eabi/4.9.3/../../../../arm-none-eabi/lib/armv7e-m\libg_nano.a(lib_a-nano-reallocr.o)
 .debug_frame   0x00002434       0x20 c:/toolsarm/gcc_arm/bin/../lib/gcc/arm-none-eabi/4.9.3/../../../../arm-none-eabi/lib/armv7e-m\libg_nano.a(lib_a-nano-msizer.o)

.debug_str      0x00000000    0x86414
 *(.debug_str)
 .debug_str     0x00000000    0x7cc38 ./system/src/stm32f4-hal/stm32f4xx_hal.o
                              0x7cf5d (size before relaxing)
 .debug_str     0x0007cc38      0x2e4 ./system/src/stm32f4-hal/stm32f4xx_hal_cortex.o
                              0x7cd7e (size before relaxing)
 .debug_str     0x0007cf1c      0x600 ./system/src/stm32f4-hal/stm32f4xx_hal_gpio.o
                              0x7cbba (size before relaxing)
 .debug_str     0x0007d51c      0x444 ./system/src/stm32f4-hal/stm32f4xx_hal_rcc.o
                              0x7caa3 (size before relaxing)
 .debug_str     0x0007d960     0x35f8 ./system/src/newlib/_exit.o
                               0x5dfd (size before relaxing)
 .debug_str     0x00080f58      0x4d6 ./system/src/newlib/_sbrk.o
                               0x4572 (size before relaxing)
 .debug_str     0x0008142e      0x27d ./system/src/newlib/_startup.o
                               0x402b (size before relaxing)
 .debug_str     0x000816ab     0x238f ./system/src/newlib/_syscalls.o
                               0x8eb3 (size before relaxing)
 .debug_str     0x00083a3a       0xd1 ./system/src/newlib/assert.o
                               0x67c8 (size before relaxing)
 .debug_str     0x00083b0b      0x16a ./system/src/diag/Trace.o
                               0x661a (size before relaxing)
 .debug_str     0x00083c75       0xd5 ./system/src/diag/trace_impl.o
                              0x7f174 (size before relaxing)
 .debug_str     0x00083d4a       0x5f ./system/src/cortexm/_initialize_hardware.o
                              0x7c4a8 (size before relaxing)
 .debug_str     0x00083da9       0xe8 ./system/src/cortexm/exception_handlers.o
                               0x25f9 (size before relaxing)
 .debug_str     0x00083e91       0x67 ./system/src/cmsis/system_stm32f4xx.o
                              0x7c63c (size before relaxing)
 .debug_str     0x00083ef8       0x57 ./system/src/cmsis/vectors_stm32f4xx.o
                               0x259d (size before relaxing)
 .debug_str     0x00083f4f       0x35 ./src/_initialize_hardware.o
                              0x7c6b7 (size before relaxing)
 .debug_str     0x00083f84     0x1e64 ./src/fsmc_nand_if.o
                              0x7e4b2 (size before relaxing)
 .debug_str     0x00085de8       0x47 ./src/main.o
                              0x81845 (size before relaxing)
 .debug_str     0x00085e2f      0x5e5 ./src/nand_drv.o
                              0x807ff (size before relaxing)

.debug_loc
 *(.debug_loc)

.debug_macinfo
 *(.debug_macinfo)

.debug_weaknames
 *(.debug_weaknames)

.debug_funcnames
 *(.debug_funcnames)

.debug_typenames
 *(.debug_typenames)

.debug_varnames
 *(.debug_varnames)
OUTPUT(nand.elf elf32-littlearm)

.debug_ranges   0x00000000      0x6d0
 .debug_ranges  0x00000000       0xb0 ./system/src/stm32f4-hal/stm32f4xx_hal.o
 .debug_ranges  0x000000b0       0xf0 ./system/src/stm32f4-hal/stm32f4xx_hal_cortex.o
 .debug_ranges  0x000001a0       0x48 ./system/src/stm32f4-hal/stm32f4xx_hal_gpio.o
 .debug_ranges  0x000001e8       0x78 ./system/src/stm32f4-hal/stm32f4xx_hal_rcc.o
 .debug_ranges  0x00000260       0x18 ./system/src/newlib/_exit.o
 .debug_ranges  0x00000278       0x10 ./system/src/newlib/_sbrk.o
 .debug_ranges  0x00000288       0x30 ./system/src/newlib/_startup.o
 .debug_ranges  0x000002b8      0x110 ./system/src/newlib/_syscalls.o
 .debug_ranges  0x000003c8       0x18 ./system/src/newlib/assert.o
 .debug_ranges  0x000003e0       0x28 ./system/src/diag/Trace.o
 .debug_ranges  0x00000408       0x20 ./system/src/diag/trace_impl.o
 .debug_ranges  0x00000428       0x18 ./system/src/cortexm/_initialize_hardware.o
 .debug_ranges  0x00000440       0x58 ./system/src/cortexm/exception_handlers.o
 .debug_ranges  0x00000498       0x18 ./system/src/cmsis/system_stm32f4xx.o
 .debug_ranges  0x000004b0       0x10 ./system/src/cmsis/vectors_stm32f4xx.o
 .debug_ranges  0x000004c0       0x18 ./src/_initialize_hardware.o
 .debug_ranges  0x000004d8       0xb8 ./src/fsmc_nand_if.o
 .debug_ranges  0x00000590       0x18 ./src/main.o
 .debug_ranges  0x000005a8      0x128 ./src/nand_drv.o

.debug_macro    0x00000000    0x16627
 .debug_macro   0x00000000      0x35a ./system/src/stm32f4-hal/stm32f4xx_hal.o
 .debug_macro   0x0000035a      0x89e ./system/src/stm32f4-hal/stm32f4xx_hal.o
 .debug_macro   0x00000bf8      0x250 ./system/src/stm32f4-hal/stm32f4xx_hal.o
 .debug_macro   0x00000e48       0x28 ./system/src/stm32f4-hal/stm32f4xx_hal.o
 .debug_macro   0x00000e70       0x28 ./system/src/stm32f4-hal/stm32f4xx_hal.o
 .debug_macro   0x00000e98       0x3b ./system/src/stm32f4-hal/stm32f4xx_hal.o
 .debug_macro   0x00000ed3       0x22 ./system/src/stm32f4-hal/stm32f4xx_hal.o
 .debug_macro   0x00000ef5       0x44 ./system/src/stm32f4-hal/stm32f4xx_hal.o
 .debug_macro   0x00000f39       0x1c ./system/src/stm32f4-hal/stm32f4xx_hal.o
 .debug_macro   0x00000f55      0x1f7 ./system/src/stm32f4-hal/stm32f4xx_hal.o
 .debug_macro   0x0000114c       0x2d ./system/src/stm32f4-hal/stm32f4xx_hal.o
 .debug_macro   0x00001179       0x26 ./system/src/stm32f4-hal/stm32f4xx_hal.o
 .debug_macro   0x0000119f      0xd39 ./system/src/stm32f4-hal/stm32f4xx_hal.o
 .debug_macro   0x00001ed8     0x8fae ./system/src/stm32f4-hal/stm32f4xx_hal.o
 .debug_macro   0x0000ae86       0x43 ./system/src/stm32f4-hal/stm32f4xx_hal.o
 .debug_macro   0x0000aec9       0x57 ./system/src/stm32f4-hal/stm32f4xx_hal.o
 .debug_macro   0x0000af20      0xb9c ./system/src/stm32f4-hal/stm32f4xx_hal.o
 .debug_macro   0x0000babc      0x40f ./system/src/stm32f4-hal/stm32f4xx_hal.o
 .debug_macro   0x0000becb      0x13f ./system/src/stm32f4-hal/stm32f4xx_hal.o
 .debug_macro   0x0000c00a      0x137 ./system/src/stm32f4-hal/stm32f4xx_hal.o
 .debug_macro   0x0000c141      0x2cd ./system/src/stm32f4-hal/stm32f4xx_hal.o
 .debug_macro   0x0000c40e       0x52 ./system/src/stm32f4-hal/stm32f4xx_hal.o
 .debug_macro   0x0000c460      0x3ec ./system/src/stm32f4-hal/stm32f4xx_hal.o
 .debug_macro   0x0000c84c      0x14c ./system/src/stm32f4-hal/stm32f4xx_hal.o
 .debug_macro   0x0000c998      0x3c2 ./system/src/stm32f4-hal/stm32f4xx_hal.o
 .debug_macro   0x0000cd5a       0x22 ./system/src/stm32f4-hal/stm32f4xx_hal.o
 .debug_macro   0x0000cd7c      0x11f ./system/src/stm32f4-hal/stm32f4xx_hal.o
 .debug_macro   0x0000ce9b       0xcd ./system/src/stm32f4-hal/stm32f4xx_hal.o
 .debug_macro   0x0000cf68      0x1d1 ./system/src/stm32f4-hal/stm32f4xx_hal.o
 .debug_macro   0x0000d139      0xde0 ./system/src/stm32f4-hal/stm32f4xx_hal.o
 .debug_macro   0x0000df19      0x132 ./system/src/stm32f4-hal/stm32f4xx_hal.o
 .debug_macro   0x0000e04b      0x217 ./system/src/stm32f4-hal/stm32f4xx_hal.o
 .debug_macro   0x0000e262      0x503 ./system/src/stm32f4-hal/stm32f4xx_hal.o
 .debug_macro   0x0000e765       0x88 ./system/src/stm32f4-hal/stm32f4xx_hal.o
 .debug_macro   0x0000e7ed       0xd5 ./system/src/stm32f4-hal/stm32f4xx_hal.o
 .debug_macro   0x0000e8c2       0xa1 ./system/src/stm32f4-hal/stm32f4xx_hal.o
 .debug_macro   0x0000e963      0x1e6 ./system/src/stm32f4-hal/stm32f4xx_hal.o
 .debug_macro   0x0000eb49      0x1ae ./system/src/stm32f4-hal/stm32f4xx_hal.o
 .debug_macro   0x0000ecf7       0xa4 ./system/src/stm32f4-hal/stm32f4xx_hal.o
 .debug_macro   0x0000ed9b      0x16e ./system/src/stm32f4-hal/stm32f4xx_hal.o
 .debug_macro   0x0000ef09       0x52 ./system/src/stm32f4-hal/stm32f4xx_hal.o
 .debug_macro   0x0000ef5b       0x6c ./system/src/stm32f4-hal/stm32f4xx_hal.o
 .debug_macro   0x0000efc7      0x3d7 ./system/src/stm32f4-hal/stm32f4xx_hal.o
 .debug_macro   0x0000f39e      0x313 ./system/src/stm32f4-hal/stm32f4xx_hal.o
 .debug_macro   0x0000f6b1      0x4b7 ./system/src/stm32f4-hal/stm32f4xx_hal.o
 .debug_macro   0x0000fb68      0x22b ./system/src/stm32f4-hal/stm32f4xx_hal.o
 .debug_macro   0x0000fd93      0x1d1 ./system/src/stm32f4-hal/stm32f4xx_hal.o
 .debug_macro   0x0000ff64      0x84c ./system/src/stm32f4-hal/stm32f4xx_hal.o
 .debug_macro   0x000107b0       0x4d ./system/src/stm32f4-hal/stm32f4xx_hal.o
 .debug_macro   0x000107fd      0x23a ./system/src/stm32f4-hal/stm32f4xx_hal.o
 .debug_macro   0x00010a37      0x1d8 ./system/src/stm32f4-hal/stm32f4xx_hal.o
 .debug_macro   0x00010c0f      0x168 ./system/src/stm32f4-hal/stm32f4xx_hal.o
 .debug_macro   0x00010d77      0x1d8 ./system/src/stm32f4-hal/stm32f4xx_hal.o
 .debug_macro   0x00010f4f       0x85 ./system/src/stm32f4-hal/stm32f4xx_hal.o
 .debug_macro   0x00010fd4      0x1df ./system/src/stm32f4-hal/stm32f4xx_hal.o
 .debug_macro   0x000111b3      0x108 ./system/src/stm32f4-hal/stm32f4xx_hal.o
 .debug_macro   0x000112bb       0x12 ./system/src/stm32f4-hal/stm32f4xx_hal.o
 .debug_macro   0x000112cd       0x74 ./system/src/stm32f4-hal/stm32f4xx_hal.o
 .debug_macro   0x00011341      0x126 ./system/src/stm32f4-hal/stm32f4xx_hal.o
 .debug_macro   0x00011467      0x30c ./system/src/stm32f4-hal/stm32f4xx_hal_cortex.o
 .debug_macro   0x00011773      0x34b ./system/src/stm32f4-hal/stm32f4xx_hal_gpio.o
 .debug_macro   0x00011abe      0x34e ./system/src/stm32f4-hal/stm32f4xx_hal_rcc.o
 .debug_macro   0x00011e0c      0x128 ./system/src/newlib/_exit.o
 .debug_macro   0x00011f34       0x9c ./system/src/newlib/_exit.o
 .debug_macro   0x00011fd0      0x10e ./system/src/newlib/_exit.o
 .debug_macro   0x000120de       0x86 ./system/src/newlib/_exit.o
 .debug_macro   0x00012164       0x43 ./system/src/newlib/_exit.o
 .debug_macro   0x000121a7       0x35 ./system/src/newlib/_exit.o
 .debug_macro   0x000121dc      0x27a ./system/src/newlib/_exit.o
 .debug_macro   0x00012456       0xd1 ./system/src/newlib/_sbrk.o
 .debug_macro   0x00012527       0x19 ./system/src/newlib/_sbrk.o
 .debug_macro   0x00012540      0x16d ./system/src/newlib/_sbrk.o
 .debug_macro   0x000126ad       0x10 ./system/src/newlib/_sbrk.o
 .debug_macro   0x000126bd      0x23b ./system/src/newlib/_sbrk.o
 .debug_macro   0x000128f8       0xf0 ./system/src/newlib/_startup.o
 .debug_macro   0x000129e8      0x8a4 ./system/src/newlib/_startup.o
 .debug_macro   0x0001328c      0x239 ./system/src/newlib/_syscalls.o
 .debug_macro   0x000134c5       0x10 ./system/src/newlib/_syscalls.o
 .debug_macro   0x000134d5       0x10 ./system/src/newlib/_syscalls.o
 .debug_macro   0x000134e5       0x10 ./system/src/newlib/_syscalls.o
 .debug_macro   0x000134f5       0x35 ./system/src/newlib/_syscalls.o
 .debug_macro   0x0001352a      0x121 ./system/src/newlib/_syscalls.o
 .debug_macro   0x0001364b      0x1cd ./system/src/newlib/_syscalls.o
 .debug_macro   0x00013818       0x10 ./system/src/newlib/_syscalls.o
 .debug_macro   0x00013828       0x1c ./system/src/newlib/_syscalls.o
 .debug_macro   0x00013844       0x10 ./system/src/newlib/_syscalls.o
 .debug_macro   0x00013854       0x16 ./system/src/newlib/_syscalls.o
 .debug_macro   0x0001386a      0x16d ./system/src/newlib/_syscalls.o
 .debug_macro   0x000139d7       0x16 ./system/src/newlib/_syscalls.o
 .debug_macro   0x000139ed       0x22 ./system/src/newlib/_syscalls.o
 .debug_macro   0x00013a0f      0x241 ./system/src/newlib/_syscalls.o
 .debug_macro   0x00013c50       0x16 ./system/src/newlib/_syscalls.o
 .debug_macro   0x00013c66       0x3a ./system/src/newlib/_syscalls.o
 .debug_macro   0x00013ca0       0xac ./system/src/newlib/_syscalls.o
 .debug_macro   0x00013d4c      0x13e ./system/src/newlib/_syscalls.o
 .debug_macro   0x00013e8a       0x16 ./system/src/newlib/_syscalls.o
 .debug_macro   0x00013ea0       0x22 ./system/src/newlib/_syscalls.o
 .debug_macro   0x00013ec2      0x153 ./system/src/newlib/assert.o
 .debug_macro   0x00014015       0x1c ./system/src/newlib/assert.o
 .debug_macro   0x00014031      0x14f ./system/src/diag/Trace.o
 .debug_macro   0x00014180       0x16 ./system/src/diag/Trace.o
 .debug_macro   0x00014196       0x97 ./system/src/diag/Trace.o
 .debug_macro   0x0001422d       0xf6 ./system/src/diag/Trace.o
 .debug_macro   0x00014323       0x52 ./system/src/diag/Trace.o
 .debug_macro   0x00014375      0x3ed ./system/src/diag/trace_impl.o
 .debug_macro   0x00014762       0x10 ./system/src/diag/trace_impl.o
 .debug_macro   0x00014772       0xc8 ./system/src/diag/trace_impl.o
 .debug_macro   0x0001483a       0xbe ./system/src/diag/trace_impl.o
 .debug_macro   0x000148f8      0x316 ./system/src/cortexm/_initialize_hardware.o
 .debug_macro   0x00014c0e       0x1b ./system/src/cortexm/exception_handlers.o
 .debug_macro   0x00014c29      0x312 ./system/src/cmsis/system_stm32f4xx.o
 .debug_macro   0x00014f3b       0x1b ./system/src/cmsis/vectors_stm32f4xx.o
 .debug_macro   0x00014f56      0x30c ./src/_initialize_hardware.o
 .debug_macro   0x00015262      0x32a ./src/fsmc_nand_if.o
 .debug_macro   0x0001558c      0x399 ./src/fsmc_nand_if.o
 .debug_macro   0x00015925       0x94 ./src/fsmc_nand_if.o
 .debug_macro   0x000159b9      0x415 ./src/main.o
 .debug_macro   0x00015dce       0x4a ./src/main.o
 .debug_macro   0x00015e18      0x39f ./src/main.o
 .debug_macro   0x000161b7      0x3d2 ./src/nand_drv.o
 .debug_macro   0x00016589       0x8e ./src/nand_drv.o
 .debug_macro   0x00016617       0x10 ./src/nand_drv.o
