Archive member included because of file (symbol)

c:/toolsarm/gcc_arm/bin/../lib/gcc/arm-none-eabi/4.9.3/../../../../arm-none-eabi/lib/armv7e-m\libg_nano.a(lib_a-ctype_.o)
                              ./system/src/newlib/_syscalls.o (__ctype_ptr__)
c:/toolsarm/gcc_arm/bin/../lib/gcc/arm-none-eabi/4.9.3/../../../../arm-none-eabi/lib/armv7e-m\libg_nano.a(lib_a-errno.o)
                              ./system/src/newlib/_sbrk.o (__errno)
c:/toolsarm/gcc_arm/bin/../lib/gcc/arm-none-eabi/4.9.3/../../../../arm-none-eabi/lib/armv7e-m\libg_nano.a(lib_a-findfp.o)
                              ./system/src/newlib/_syscalls.o (__sinit)
c:/toolsarm/gcc_arm/bin/../lib/gcc/arm-none-eabi/4.9.3/../../../../arm-none-eabi/lib/armv7e-m\libg_nano.a(lib_a-fwalk.o)
                              c:/toolsarm/gcc_arm/bin/../lib/gcc/arm-none-eabi/4.9.3/../../../../arm-none-eabi/lib/armv7e-m\libg_nano.a(lib_a-findfp.o) (_fwalk)
c:/toolsarm/gcc_arm/bin/../lib/gcc/arm-none-eabi/4.9.3/../../../../arm-none-eabi/lib/armv7e-m\libg_nano.a(lib_a-impure.o)
                              c:/toolsarm/gcc_arm/bin/../lib/gcc/arm-none-eabi/4.9.3/../../../../arm-none-eabi/lib/armv7e-m\libg_nano.a(lib_a-findfp.o) (_global_impure_ptr)
c:/toolsarm/gcc_arm/bin/../lib/gcc/arm-none-eabi/4.9.3/../../../../arm-none-eabi/lib/armv7e-m\libg_nano.a(lib_a-memset.o)
                              ./system/src/newlib/_syscalls.o (memset)
c:/toolsarm/gcc_arm/bin/../lib/gcc/arm-none-eabi/4.9.3/../../../../arm-none-eabi/lib/armv7e-m\libg_nano.a(lib_a-nano-mallocr.o)
                              c:/toolsarm/gcc_arm/bin/../lib/gcc/arm-none-eabi/4.9.3/../../../../arm-none-eabi/lib/armv7e-m\libg_nano.a(lib_a-findfp.o) (_malloc_r)
c:/toolsarm/gcc_arm/bin/../lib/gcc/arm-none-eabi/4.9.3/../../../../arm-none-eabi/lib/armv7e-m\libg_nano.a(lib_a-puts.o)
                              ./src/my_flash.o (puts)
c:/toolsarm/gcc_arm/bin/../lib/gcc/arm-none-eabi/4.9.3/../../../../arm-none-eabi/lib/armv7e-m\libg_nano.a(lib_a-sbrkr.o)
                              c:/toolsarm/gcc_arm/bin/../lib/gcc/arm-none-eabi/4.9.3/../../../../arm-none-eabi/lib/armv7e-m\libg_nano.a(lib_a-nano-mallocr.o) (_sbrk_r)
c:/toolsarm/gcc_arm/bin/../lib/gcc/arm-none-eabi/4.9.3/../../../../arm-none-eabi/lib/armv7e-m\libg_nano.a(lib_a-stdio.o)
                              c:/toolsarm/gcc_arm/bin/../lib/gcc/arm-none-eabi/4.9.3/../../../../arm-none-eabi/lib/armv7e-m\libg_nano.a(lib_a-findfp.o) (__sread)
c:/toolsarm/gcc_arm/bin/../lib/gcc/arm-none-eabi/4.9.3/../../../../arm-none-eabi/lib/armv7e-m\libg_nano.a(lib_a-strlen.o)
                              ./system/src/newlib/_syscalls.o (strlen)
c:/toolsarm/gcc_arm/bin/../lib/gcc/arm-none-eabi/4.9.3/../../../../arm-none-eabi/lib/armv7e-m\libg_nano.a(lib_a-strncpy.o)
                              ./system/src/newlib/_syscalls.o (strncpy)
c:/toolsarm/gcc_arm/bin/../lib/gcc/arm-none-eabi/4.9.3/../../../../arm-none-eabi/lib/armv7e-m\libg_nano.a(lib_a-vsnprintf.o)
                              ./system/src/diag/Trace.o (vsnprintf)
c:/toolsarm/gcc_arm/bin/../lib/gcc/arm-none-eabi/4.9.3/../../../../arm-none-eabi/lib/armv7e-m\libg_nano.a(lib_a-wbuf.o)
                              c:/toolsarm/gcc_arm/bin/../lib/gcc/arm-none-eabi/4.9.3/../../../../arm-none-eabi/lib/armv7e-m\libg_nano.a(lib_a-puts.o) (__swbuf_r)
c:/toolsarm/gcc_arm/bin/../lib/gcc/arm-none-eabi/4.9.3/../../../../arm-none-eabi/lib/armv7e-m\libg_nano.a(lib_a-writer.o)
                              c:/toolsarm/gcc_arm/bin/../lib/gcc/arm-none-eabi/4.9.3/../../../../arm-none-eabi/lib/armv7e-m\libg_nano.a(lib_a-stdio.o) (_write_r)
c:/toolsarm/gcc_arm/bin/../lib/gcc/arm-none-eabi/4.9.3/../../../../arm-none-eabi/lib/armv7e-m\libg_nano.a(lib_a-wsetup.o)
                              c:/toolsarm/gcc_arm/bin/../lib/gcc/arm-none-eabi/4.9.3/../../../../arm-none-eabi/lib/armv7e-m\libg_nano.a(lib_a-puts.o) (__swsetup_r)
c:/toolsarm/gcc_arm/bin/../lib/gcc/arm-none-eabi/4.9.3/../../../../arm-none-eabi/lib/armv7e-m\libg_nano.a(lib_a-closer.o)
                              c:/toolsarm/gcc_arm/bin/../lib/gcc/arm-none-eabi/4.9.3/../../../../arm-none-eabi/lib/armv7e-m\libg_nano.a(lib_a-stdio.o) (_close_r)
c:/toolsarm/gcc_arm/bin/../lib/gcc/arm-none-eabi/4.9.3/../../../../arm-none-eabi/lib/armv7e-m\libg_nano.a(lib_a-fflush.o)
                              c:/toolsarm/gcc_arm/bin/../lib/gcc/arm-none-eabi/4.9.3/../../../../arm-none-eabi/lib/armv7e-m\libg_nano.a(lib_a-findfp.o) (_fflush_r)
c:/toolsarm/gcc_arm/bin/../lib/gcc/arm-none-eabi/4.9.3/../../../../arm-none-eabi/lib/armv7e-m\libg_nano.a(lib_a-lseekr.o)
                              c:/toolsarm/gcc_arm/bin/../lib/gcc/arm-none-eabi/4.9.3/../../../../arm-none-eabi/lib/armv7e-m\libg_nano.a(lib_a-stdio.o) (_lseek_r)
c:/toolsarm/gcc_arm/bin/../lib/gcc/arm-none-eabi/4.9.3/../../../../arm-none-eabi/lib/armv7e-m\libg_nano.a(lib_a-makebuf.o)
[...]
Memory Configuration

Name             Origin             Length             Attributes
RAM              0x20000000         0x00020000         xrw
CCMRAM           0x10000000         0x00010000         xrw
FLASH            0x08000000         0x00100000         xr
FLASHB1          0x00000000         0x00000000         xr
EXTMEMB0         0x00000000         0x00000000         xr
EXTMEMB1         0x00000000         0x00000000         xr
EXTMEMB2         0x00000000         0x00000000         xr
EXTMEMB3         0x00000000         0x00000000         xr
MEMORY_ARRAY     0x20002000         0x00000020         xrw
*default*        0x00000000         0xffffffff

Linker script and memory map

LOAD ./system/src/stm32f4-hal/stm32f4xx_hal.o
LOAD ./system/src/stm32f4-hal/stm32f4xx_hal_cortex.o
LOAD ./system/src/stm32f4-hal/stm32f4xx_hal_flash.o
LOAD ./system/src/stm32f4-hal/stm32f4xx_hal_flash_ex.o
LOAD ./system/src/stm32f4-hal/stm32f4xx_hal_flash_ramfunc.o
LOAD ./system/src/stm32f4-hal/stm32f4xx_hal_gpio.o
LOAD ./system/src/stm32f4-hal/stm32f4xx_hal_iwdg.o
LOAD ./system/src/stm32f4-hal/stm32f4xx_hal_pcd_ex.o
LOAD ./system/src/stm32f4-hal/stm32f4xx_hal_pwr.o
LOAD ./system/src/stm32f4-hal/stm32f4xx_hal_pwr_ex.o
LOAD ./system/src/stm32f4-hal/stm32f4xx_hal_rcc.o
LOAD ./system/src/stm32f4-hal/stm32f4xx_hal_rcc_ex.o
LOAD ./system/src/stm32f4-hal/stm32f4xx_ll_fsmc.o
LOAD ./system/src/newlib/_cxx.o
LOAD ./system/src/newlib/_exit.o
LOAD ./system/src/newlib/_sbrk.o
LOAD ./system/src/newlib/_startup.o
LOAD ./system/src/newlib/_syscalls.o
LOAD ./system/src/newlib/assert.o
LOAD ./system/src/diag/Trace.o
LOAD ./system/src/diag/trace_impl.o
LOAD ./system/src/cortexm/_initialize_hardware.o
LOAD ./system/src/cortexm/_reset_hardware.o
LOAD ./system/src/cortexm/exception_handlers.o
LOAD ./system/src/cmsis/system_stm32f4xx.o
LOAD ./system/src/cmsis/vectors_stm32f4xx.o
LOAD ./src/_initialize_hardware.o
LOAD ./src/_write.o
LOAD ./src/main.o
LOAD ./src/my_flash.o
LOAD c:/toolsarm/gcc_arm/bin/../lib/gcc/arm-none-eabi/4.9.3/../../../../arm-none-eabi/lib/armv7e-m\libstdc++_nano.a
LOAD c:/toolsarm/gcc_arm/bin/../lib/gcc/arm-none-eabi/4.9.3/../../../../arm-none-eabi/lib/armv7e-m\libm.a
START GROUP
LOAD c:/toolsarm/gcc_arm/bin/../lib/gcc/arm-none-eabi/4.9.3/armv7e-m\libgcc.a
LOAD c:/toolsarm/gcc_arm/bin/../lib/gcc/arm-none-eabi/4.9.3/../../../../arm-none-eabi/lib/armv7e-m\libg_nano.a
LOAD c:/toolsarm/gcc_arm/bin/../lib/gcc/arm-none-eabi/4.9.3/../../../../arm-none-eabi/lib/armv7e-m\libc_nano.a
END GROUP
START GROUP
LOAD c:/toolsarm/gcc_arm/bin/../lib/gcc/arm-none-eabi/4.9.3/armv7e-m\libgcc.a
LOAD c:/toolsarm/gcc_arm/bin/../lib/gcc/arm-none-eabi/4.9.3/../../../../arm-none-eabi/lib/armv7e-m\libc_nano.a
END GROUP
                0x20020000                __stack = (ORIGIN (RAM) + 0x20000)
                0x20020000                _estack = __stack
                0x00000400                __Main_Stack_Size = 0x400
                0x00000400                PROVIDE (_Main_Stack_Size, __Main_Stack_Size)
                0x2001fc00                __Main_Stack_Limit = (__stack - __Main_Stack_Size)
                0x2001fc00                PROVIDE (_Main_Stack_Limit, __Main_Stack_Limit)
                0x00000100                _Minimum_Stack_Size = 0x100
                0x20000234                PROVIDE (_Heap_Begin, _end_noinit)
                0x2001fc00                PROVIDE (_Heap_Limit, (__stack - __Main_Stack_Size))

.isr_vector     0x08000000      0x2e8
 FILL mask 0xff
                0x08000000                __vectors_start__ = ABSOLUTE (.)
 *(.isr_vector)
 .isr_vector    0x08000000      0x188 ./system/src/cmsis/vectors_stm32f4xx.o
                0x08000000                __isr_vectors
 *(.cfmconfig)
 *(.after_vectors .after_vectors.*)
 .after_vectors
                0x08000188      0x130 ./system/src/newlib/_startup.o
                0x08000188                _start
 .after_vectors
                0x080002b8       0x2c ./system/src/cortexm/exception_handlers.o
                0x080002b8                Reset_Handler
                0x080002c0                NMI_Handler
                0x080002c4                HardFault_Handler
                0x080002c8                MemManage_Handler
                0x080002cc                BusFault_Handler
                0x080002d0                UsageFault_Handler
                0x080002d4                SVC_Handler
                0x080002d8                DebugMon_Handler
                0x080002dc                PendSV_Handler
                0x080002e0                SysTick_Handler
 .after_vectors
                0x080002e4        0x4 ./system/src/cmsis/vectors_stm32f4xx.o
                0x080002e4                RTC_Alarm_IRQHandler
                0x080002e4                HASH_RNG_IRQHandler
                0x080002e4                EXTI2_IRQHandler
                0x080002e4                TIM8_CC_IRQHandler
                0x080002e4                TIM1_CC_IRQHandler
                0x080002e4                DMA2_Stream5_IRQHandler
                0x080002e4                DMA1_Stream5_IRQHandler
                0x080002e4                PVD_IRQHandler
                0x080002e4                SDIO_IRQHandler
                0x080002e4                TAMP_STAMP_IRQHandler
                0x080002e4                CAN2_RX1_IRQHandler
                0x080002e4                EXTI3_IRQHandler
                0x080002e4                TIM8_TRG_COM_TIM14_IRQHandler
                0x080002e4                TIM1_UP_TIM10_IRQHandler
                0x080002e4                TIM8_UP_TIM13_IRQHandler
                0x080002e4                I2C3_ER_IRQHandler
                0x080002e4                EXTI0_IRQHandler
                0x080002e4                I2C2_EV_IRQHandler
                0x080002e4                DMA1_Stream2_IRQHandler
                0x080002e4                CAN1_RX0_IRQHandler
                0x080002e4                FPU_IRQHandler
                0x080002e4                OTG_HS_WKUP_IRQHandler
                0x080002e4                CAN2_SCE_IRQHandler
                0x080002e4                DMA2_Stream2_IRQHandler
                0x080002e4                SPI1_IRQHandler
                0x080002e4                TIM6_DAC_IRQHandler
                0x080002e4                TIM1_BRK_TIM9_IRQHandler
                0x080002e4                DCMI_IRQHandler
                0x080002e4                CAN2_RX0_IRQHandler
                0x080002e4                DMA2_Stream3_IRQHandler
                0x080002e4                USART6_IRQHandler
                0x080002e4                USART3_IRQHandler
                0x080002e4                CAN1_RX1_IRQHandler
                0x080002e4                UART5_IRQHandler
                0x080002e4                DMA2_Stream0_IRQHandler
                0x080002e4                TIM4_IRQHandler
                0x080002e4                I2C1_EV_IRQHandler
                0x080002e4                DMA1_Stream6_IRQHandler
                0x080002e4                DMA1_Stream1_IRQHandler
                0x080002e4                UART4_IRQHandler
                0x080002e4                TIM3_IRQHandler
                0x080002e4                RCC_IRQHandler
                0x080002e4                TIM8_BRK_TIM12_IRQHandler
                0x080002e4                Default_Handler
                0x080002e4                EXTI15_10_IRQHandler
                0x080002e4                ADC_IRQHandler
                0x080002e4                DMA1_Stream7_IRQHandler
                0x080002e4                TIM7_IRQHandler
                0x080002e4                CAN2_TX_IRQHandler
                0x080002e4                TIM5_IRQHandler
                0x080002e4                DMA2_Stream7_IRQHandler
                0x080002e4                I2C3_EV_IRQHandler
                0x080002e4                EXTI9_5_IRQHandler
                0x080002e4                RTC_WKUP_IRQHandler
                0x080002e4                ETH_WKUP_IRQHandler
                0x080002e4                SPI2_IRQHandler
                0x080002e4                OTG_HS_EP1_IN_IRQHandler
                0x080002e4                DMA1_Stream0_IRQHandler
                0x080002e4                CAN1_TX_IRQHandler
                0x080002e4                EXTI4_IRQHandler
                0x080002e4                FSMC_IRQHandler
                0x080002e4                ETH_IRQHandler
                0x080002e4                OTG_HS_EP1_OUT_IRQHandler
                0x080002e4                WWDG_IRQHandler
                0x080002e4                TIM2_IRQHandler
                0x080002e4                OTG_FS_WKUP_IRQHandler
                0x080002e4                TIM1_TRG_COM_TIM11_IRQHandler
                0x080002e4                OTG_HS_IRQHandler
                0x080002e4                EXTI1_IRQHandler
                0x080002e4                USART2_IRQHandler
                0x080002e4                I2C2_ER_IRQHandler
                0x080002e4                DMA2_Stream1_IRQHandler
                0x080002e4                CAN1_SCE_IRQHandler
                0x080002e4                FLASH_IRQHandler
                0x080002e4                DMA2_Stream4_IRQHandler
                0x080002e4                USART1_IRQHandler
                0x080002e4                OTG_FS_IRQHandler
                0x080002e4                SPI3_IRQHandler
                0x080002e4                DMA1_Stream4_IRQHandler
                0x080002e4                I2C1_ER_IRQHandler
                0x080002e4                DMA2_Stream6_IRQHandler
                0x080002e4                DMA1_Stream3_IRQHandler

.inits          0x080002e8       0x28
                0x080002e8                __data_regions_array_start = .
                0x080002e8        0x4 LONG 0x8002c40 LOADADDR (.data)
                0x080002ec        0x4 LONG 0x20000000 ADDR (.data)
                0x080002f0        0x4 LONG 0x20000074 (ADDR (.data) + SIZEOF (.data))
                0x080002f4        0x4 LONG 0x8002c40 LOADADDR (.data_CCMRAM)
                0x080002f8        0x4 LONG 0x10000000 ADDR (.data_CCMRAM)
                0x080002fc        0x4 LONG 0x10000000 (ADDR (.data_CCMRAM) + SIZEOF (.data_CCMRAM))
                0x08000300                __data_regions_array_end = .
                0x08000300                __bss_regions_array_start = .
                0x08000300        0x4 LONG 0x20000074 ADDR (.bss)
                0x08000304        0x4 LONG 0x20000234 (ADDR (.bss) + SIZEOF (.bss))
                0x08000308        0x4 LONG 0x10000000 ADDR (.bss_CCMRAM)
                0x0800030c        0x4 LONG 0x10000000 (ADDR (.bss_CCMRAM) + SIZEOF (.bss_CCMRAM))
                0x08000310                __bss_regions_array_end = .
 *(.init)
 *(.fini)
                0x08000310                . = ALIGN (0x4)
                0x08000310                PROVIDE (__preinit_array_start, .)
 *(.preinit_array_sysinit .preinit_array_sysinit.*)
 *(.preinit_array_platform .preinit_array_platform.*)
 *(.preinit_array .preinit_array.*)
                0x08000310                PROVIDE (__preinit_array_end, .)
                0x08000310                . = ALIGN (0x4)
                0x08000310                PROVIDE (__init_array_start, .)
 *(SORT(.init_array.*))
 *(.init_array)
                0x08000310                PROVIDE (__init_array_end, .)
                0x08000310                . = ALIGN (0x4)
                0x08000310                PROVIDE (__fini_array_start, .)
 *(SORT(.fini_array.*))
 *(.fini_array)
                0x08000310                PROVIDE (__fini_array_end, .)

.flashtext
 *(.flashtext .flashtext.*)

.text           0x08000310     0x292f
 *(.text .text.*)
 .text.HAL_MspInit
                0x08000310        0x4 ./system/src/stm32f4-hal/stm32f4xx_hal.o
                0x08000310                HAL_MspInit
 .text.HAL_InitTick
                0x08000314       0x28 ./system/src/stm32f4-hal/stm32f4xx_hal.o
                0x08000314                HAL_InitTick
 .text.HAL_Init
                0x0800033c       0x34 ./system/src/stm32f4-hal/stm32f4xx_hal.o
                0x0800033c                HAL_Init
 .text.HAL_GetTick
                0x08000370        0xc ./system/src/stm32f4-hal/stm32f4xx_hal.o
                0x08000370                HAL_GetTick
 .text.HAL_SuspendTick
                0x0800037c       0x10 ./system/src/stm32f4-hal/stm32f4xx_hal.o
                0x0800037c                HAL_SuspendTick
 .text.HAL_NVIC_SetPriorityGrouping
                0x0800038c       0x3c ./system/src/stm32f4-hal/stm32f4xx_hal_cortex.o
                0x0800038c                HAL_NVIC_SetPriorityGrouping
 .text.HAL_NVIC_SetPriority
                0x080003c8       0x84 ./system/src/stm32f4-hal/stm32f4xx_hal_cortex.o
                0x080003c8                HAL_NVIC_SetPriority
 .text.HAL_SYSTICK_Config
                0x0800044c       0x2c ./system/src/stm32f4-hal/stm32f4xx_hal_cortex.o
                0x0800044c                HAL_SYSTICK_Config
 .text.HAL_GPIO_Init
                0x08000478      0x2d8 ./system/src/stm32f4-hal/stm32f4xx_hal_gpio.o
                0x08000478                HAL_GPIO_Init
 .text.HAL_RCC_OscConfig
                0x08000750      0x4b4 ./system/src/stm32f4-hal/stm32f4xx_hal_rcc.o
                0x08000750                HAL_RCC_OscConfig
 .text.HAL_RCC_ClockConfig
                0x08000c04      0x32c ./system/src/stm32f4-hal/stm32f4xx_hal_rcc.o
                0x08000c04                HAL_RCC_ClockConfig
 .text.HAL_RCC_GetSysClockFreq
                0x08000f30       0xac ./system/src/stm32f4-hal/stm32f4xx_hal_rcc.o
                0x08000f30                HAL_RCC_GetSysClockFreq
 .text.HAL_RCC_GetHCLKFreq
                0x08000fdc       0x38 ./system/src/stm32f4-hal/stm32f4xx_hal_rcc.o
                0x08000fdc                HAL_RCC_GetHCLKFreq
 .text.abort    0x08001014       0x14 ./system/src/newlib/_exit.o
                0x08001014                abort
 .text._sbrk    0x08001028       0x44 ./system/src/newlib/_sbrk.o
                0x08001028                _sbrk
 .text.get_errno
                0x0800106c       0x14 ./system/src/newlib/_syscalls.o
 .text.error    0x08001080       0x14 ./system/src/newlib/_syscalls.o
 .text.checkerror
                0x08001094       0x10 ./system/src/newlib/_syscalls.o
 .text.findslot
                0x080010a4       0x3c ./system/src/newlib/_syscalls.o
 .text._exit    0x080010e0       0x20 ./system/src/newlib/_syscalls.o
                0x080010e0                _exit
 .text.initialise_monitor_handles
                0x08001100       0xa8 ./system/src/newlib/_syscalls.o
                0x08001100                initialise_monitor_handles
 .text.__initialize_args
                0x080011a8       0xd0 ./system/src/newlib/_syscalls.o
                0x080011a8                __initialize_args
 .text._swiread
                0x08001278       0x20 ./system/src/newlib/_syscalls.o
                0x08001278                _swiread
 .text._read    0x08001298       0x38 ./system/src/newlib/_syscalls.o
                0x08001298                _read
 .text._swilseek
                0x080012d0       0xbc ./system/src/newlib/_syscalls.o
                0x080012d0                _swilseek
 .text._lseek   0x0800138c        0x8 ./system/src/newlib/_syscalls.o
                0x0800138c                _lseek
 .text._swiwrite
                0x08001394       0x20 ./system/src/newlib/_syscalls.o
                0x08001394                _swiwrite
 .text._write   0x080013b4       0x44 ./system/src/newlib/_syscalls.o
                0x080013b4                _write
 .text._swiclose
                0x080013f8       0x20 ./system/src/newlib/_syscalls.o
                0x080013f8                _swiclose
 .text._close   0x08001418       0x4c ./system/src/newlib/_syscalls.o
                0x08001418                _close
 .text._swistat
                0x08001464       0x4c ./system/src/newlib/_syscalls.o
                0x08001464                _swistat
 .text._fstat   0x080014b0       0x1c ./system/src/newlib/_syscalls.o
                0x080014b0                _fstat
 .text._isatty  0x080014cc       0x38 ./system/src/newlib/_syscalls.o
                0x080014cc                _isatty
 .text.assert_failed
                0x08001504       0x18 ./system/src/newlib/assert.o
                0x08001504                assert_failed
 .text.trace_printf
                0x0800151c       0x34 ./system/src/diag/Trace.o
                0x0800151c                trace_printf
 .text.trace_puts
                0x08001550       0x20 ./system/src/diag/Trace.o
                0x08001550                trace_puts
 .text._trace_write_semihosting_debug
                0x08001570       0x74 ./system/src/diag/trace_impl.o
 .text.trace_write
                0x080015e4        0x8 ./system/src/diag/trace_impl.o
                0x080015e4                trace_write
 .text.__initialize_hardware_early
                0x080015ec        0x8 ./system/src/cortexm/_initialize_hardware.o
                0x080015ec                __initialize_hardware_early
 .text.SystemInit
                0x080015f4       0x40 ./system/src/cmsis/system_stm32f4xx.o
                0x080015f4                SystemInit
 .text.configure_system_clock
                0x08001634       0x68 ./src/_initialize_hardware.o
                0x08001634                configure_system_clock
 .text.__initialize_hardware
                0x0800169c       0x14 ./src/_initialize_hardware.o
                0x0800169c                __initialize_hardware
 .text.SystemClock_Config
                0x080016b0       0x68 ./src/main.o
                0x080016b0                SystemClock_Config
 .text.main     0x08001718        0xc ./src/main.o
                0x08001718                main
 .text.NAND_init
                0x08001724       0x38 ./src/my_flash.o
                0x08001724                NAND_init
 .text.NAND_ReadID
                0x0800175c       0x2c ./src/my_flash.o
                0x0800175c                NAND_ReadID
 .text.FSMC_NAND_ReadStatus
                0x08001788       0x2c ./src/my_flash.o
                0x08001788                FSMC_NAND_ReadStatus
 .text.FSMC_NAND_GetStatus
                0x080017b4       0x24 ./src/my_flash.o
                0x080017b4                FSMC_NAND_GetStatus
 .text.FSMC_NAND_EraseBlock
                0x080017d8       0x4c ./src/my_flash.o
                0x080017d8                FSMC_NAND_EraseBlock
 .text.GPIO_init
                0x08001824       0xe0 ./src/my_flash.o
                0x08001824                GPIO_init
 .text.FSMC_Init
                0x08001904        0xc ./src/my_flash.o
                0x08001904                FSMC_Init
 .text.Flash_Test
                0x08001910       0x70 ./src/my_flash.o
                0x08001910                Flash_Test
 .text.__errno  0x08001980        0xc c:/toolsarm/gcc_arm/bin/../lib/gcc/arm-none-eabi/4.9.3/../../../../arm-none-eabi/lib/armv7e-m\libg_nano.a(lib_a-errno.o)
                0x08001980                __errno
 .text._cleanup_r
                0x0800198c        0xc c:/toolsarm/gcc_arm/bin/../lib/gcc/arm-none-eabi/4.9.3/../../../../arm-none-eabi/lib/armv7e-m\libg_nano.a(lib_a-findfp.o)
                0x0800198c                _cleanup_r
 .text.std.isra.0
                0x08001998       0x48 c:/toolsarm/gcc_arm/bin/../lib/gcc/arm-none-eabi/4.9.3/../../../../arm-none-eabi/lib/armv7e-m\libg_nano.a(lib_a-findfp.o)
 .text.__sfmoreglue
                0x080019e0       0x2c c:/toolsarm/gcc_arm/bin/../lib/gcc/arm-none-eabi/4.9.3/../../../../arm-none-eabi/lib/armv7e-m\libg_nano.a(lib_a-findfp.o)
                0x080019e0                __sfmoreglue
 .text.__sinit  0x08001a0c       0x60 c:/toolsarm/gcc_arm/bin/../lib/gcc/arm-none-eabi/4.9.3/../../../../arm-none-eabi/lib/armv7e-m\libg_nano.a(lib_a-findfp.o)
                0x08001a0c                __sinit
 .text.__sfp    0x08001a6c       0x74 c:/toolsarm/gcc_arm/bin/../lib/gcc/arm-none-eabi/4.9.3/../../../../arm-none-eabi/lib/armv7e-m\libg_nano.a(lib_a-findfp.o)
                0x08001a6c                __sfp
 .text._fwalk_reent
                0x08001ae0       0x3c c:/toolsarm/gcc_arm/bin/../lib/gcc/arm-none-eabi/4.9.3/../../../../arm-none-eabi/lib/armv7e-m\libg_nano.a(lib_a-fwalk.o)
                0x08001ae0                _fwalk_reent
 .text.memset   0x08001b1c       0x10 c:/toolsarm/gcc_arm/bin/../lib/gcc/arm-none-eabi/4.9.3/../../../../arm-none-eabi/lib/armv7e-m\libg_nano.a(lib_a-memset.o)
                0x08001b1c                memset
 .text._malloc_r
                0x08001b2c       0xac c:/toolsarm/gcc_arm/bin/../lib/gcc/arm-none-eabi/4.9.3/../../../../arm-none-eabi/lib/armv7e-m\libg_nano.a(lib_a-nano-mallocr.o)
                0x08001b2c                _malloc_r
 .text._puts_r  0x08001bd8       0xbc c:/toolsarm/gcc_arm/bin/../lib/gcc/arm-none-eabi/4.9.3/../../../../arm-none-eabi/lib/armv7e-m\libg_nano.a(lib_a-puts.o)
                0x08001bd8                _puts_r
 .text.puts     0x08001c94       0x10 c:/toolsarm/gcc_arm/bin/../lib/gcc/arm-none-eabi/4.9.3/../../../../arm-none-eabi/lib/armv7e-m\libg_nano.a(lib_a-puts.o)
                0x08001c94                puts
 .text._sbrk_r  0x08001ca4       0x20 c:/toolsarm/gcc_arm/bin/../lib/gcc/arm-none-eabi/4.9.3/../../../../arm-none-eabi/lib/armv7e-m\libg_nano.a(lib_a-sbrkr.o)
                0x08001ca4                _sbrk_r
 .text.__sread  0x08001cc4       0x22 c:/toolsarm/gcc_arm/bin/../lib/gcc/arm-none-eabi/4.9.3/../../../../arm-none-eabi/lib/armv7e-m\libg_nano.a(lib_a-stdio.o)
                0x08001cc4                __sread
 .text.__swrite
                0x08001ce6       0x38 c:/toolsarm/gcc_arm/bin/../lib/gcc/arm-none-eabi/4.9.3/../../../../arm-none-eabi/lib/armv7e-m\libg_nano.a(lib_a-stdio.o)
                0x08001ce6                __swrite
 .text.__sseek  0x08001d1e       0x24 c:/toolsarm/gcc_arm/bin/../lib/gcc/arm-none-eabi/4.9.3/../../../../arm-none-eabi/lib/armv7e-m\libg_nano.a(lib_a-stdio.o)
                0x08001d1e                __sseek
 .text.__sclose
                0x08001d42        0x8 c:/toolsarm/gcc_arm/bin/../lib/gcc/arm-none-eabi/4.9.3/../../../../arm-none-eabi/lib/armv7e-m\libg_nano.a(lib_a-stdio.o)
                0x08001d42                __sclose
 .text.strlen   0x08001d4a       0x10 c:/toolsarm/gcc_arm/bin/../lib/gcc/arm-none-eabi/4.9.3/../../../../arm-none-eabi/lib/armv7e-m\libg_nano.a(lib_a-strlen.o)
                0x08001d4a                strlen
 .text._vsnprintf_r
                0x08001d5a       0x52 c:/toolsarm/gcc_arm/bin/../lib/gcc/arm-none-eabi/4.9.3/../../../../arm-none-eabi/lib/armv7e-m\libg_nano.a(lib_a-vsnprintf.o)
                0x08001d5a                _vsniprintf_r
                0x08001d5a                _vsnprintf_r
 .text.vsnprintf
                0x08001dac       0x20 c:/toolsarm/gcc_arm/bin/../lib/gcc/arm-none-eabi/4.9.3/../../../../arm-none-eabi/lib/armv7e-m\libg_nano.a(lib_a-vsnprintf.o)
                0x08001dac                vsniprintf
                0x08001dac                vsnprintf
 .text.__swbuf_r
                0x08001dcc       0xa8 c:/toolsarm/gcc_arm/bin/../lib/gcc/arm-none-eabi/4.9.3/../../../../arm-none-eabi/lib/armv7e-m\libg_nano.a(lib_a-wbuf.o)
                0x08001dcc                __swbuf_r
 .text._write_r
                0x08001e74       0x24 c:/toolsarm/gcc_arm/bin/../lib/gcc/arm-none-eabi/4.9.3/../../../../arm-none-eabi/lib/armv7e-m\libg_nano.a(lib_a-writer.o)
                0x08001e74                _write_r
 .text.__swsetup_r
                0x08001e98       0xd8 c:/toolsarm/gcc_arm/bin/../lib/gcc/arm-none-eabi/4.9.3/../../../../arm-none-eabi/lib/armv7e-m\libg_nano.a(lib_a-wsetup.o)
                0x08001e98                __swsetup_r
 .text._close_r
                0x08001f70       0x20 c:/toolsarm/gcc_arm/bin/../lib/gcc/arm-none-eabi/4.9.3/../../../../arm-none-eabi/lib/armv7e-m\libg_nano.a(lib_a-closer.o)
                0x08001f70                _close_r
 .text.__sflush_r
                0x08001f90      0x108 c:/toolsarm/gcc_arm/bin/../lib/gcc/arm-none-eabi/4.9.3/../../../../arm-none-eabi/lib/armv7e-m\libg_nano.a(lib_a-fflush.o)
                0x08001f90                __sflush_r
 .text._fflush_r
                0x08002098       0x54 c:/toolsarm/gcc_arm/bin/../lib/gcc/arm-none-eabi/4.9.3/../../../../arm-none-eabi/lib/armv7e-m\libg_nano.a(lib_a-fflush.o)
                0x08002098                _fflush_r
 .text._lseek_r
                0x080020ec       0x24 c:/toolsarm/gcc_arm/bin/../lib/gcc/arm-none-eabi/4.9.3/../../../../arm-none-eabi/lib/armv7e-m\libg_nano.a(lib_a-lseekr.o)
                0x080020ec                _lseek_r
 .text.__smakebuf_r
                0x08002110       0x9c c:/toolsarm/gcc_arm/bin/../lib/gcc/arm-none-eabi/4.9.3/../../../../arm-none-eabi/lib/armv7e-m\libg_nano.a(lib_a-makebuf.o)
                0x08002110                __smakebuf_r
 .text._free_r  0x080021ac       0x88 c:/toolsarm/gcc_arm/bin/../lib/gcc/arm-none-eabi/4.9.3/../../../../arm-none-eabi/lib/armv7e-m\libg_nano.a(lib_a-nano-freer.o)
                0x080021ac                _free_r
 .text.__ssputs_r
                0x08002234       0xb2 c:/toolsarm/gcc_arm/bin/../lib/gcc/arm-none-eabi/4.9.3/../../../../arm-none-eabi/lib/armv7e-m\libg_nano.a(lib_a-nano-svfprintf.o)
                0x08002234                __ssputs_r
 *fill*         0x080022e6        0x2 
 .text._svfprintf_r
                0x080022e8      0x1e4 c:/toolsarm/gcc_arm/bin/../lib/gcc/arm-none-eabi/4.9.3/../../../../arm-none-eabi/lib/armv7e-m\libg_nano.a(lib_a-nano-svfprintf.o)
                0x080022e8                _svfiprintf_r
                0x080022e8                _svfprintf_r
 .text._printf_common
                0x080024cc       0xea c:/toolsarm/gcc_arm/bin/../lib/gcc/arm-none-eabi/4.9.3/../../../../arm-none-eabi/lib/armv7e-m\libg_nano.a(lib_a-nano-vfprintf_i.o)
                0x080024cc                _printf_common
 *fill*         0x080025b6        0x2 
 .text._printf_i
                0x080025b8      0x234 c:/toolsarm/gcc_arm/bin/../lib/gcc/arm-none-eabi/4.9.3/../../../../arm-none-eabi/lib/armv7e-m\libg_nano.a(lib_a-nano-vfprintf_i.o)
                0x080025b8                _printf_i
 .text._read_r  0x080027ec       0x24 c:/toolsarm/gcc_arm/bin/../lib/gcc/arm-none-eabi/4.9.3/../../../../arm-none-eabi/lib/armv7e-m\libg_nano.a(lib_a-readr.o)
                0x080027ec                _read_r
 .text._fstat_r
                0x08002810       0x24 c:/toolsarm/gcc_arm/bin/../lib/gcc/arm-none-eabi/4.9.3/../../../../arm-none-eabi/lib/armv7e-m\libg_nano.a(lib_a-fstatr.o)
                0x08002810                _fstat_r
 .text._isatty_r
                0x08002834       0x20 c:/toolsarm/gcc_arm/bin/../lib/gcc/arm-none-eabi/4.9.3/../../../../arm-none-eabi/lib/armv7e-m\libg_nano.a(lib_a-isattyr.o)
                0x08002834                _isatty_r
 .text.memchr   0x08002854       0x1e c:/toolsarm/gcc_arm/bin/../lib/gcc/arm-none-eabi/4.9.3/../../../../arm-none-eabi/lib/armv7e-m\libg_nano.a(lib_a-memchr.o)
                0x08002854                memchr
 .text.memcpy   0x08002872       0x16 c:/toolsarm/gcc_arm/bin/../lib/gcc/arm-none-eabi/4.9.3/../../../../arm-none-eabi/lib/armv7e-m\libg_nano.a(lib_a-memcpy.o)
                0x08002872                memcpy
 .text.memmove  0x08002888       0x36 c:/toolsarm/gcc_arm/bin/../lib/gcc/arm-none-eabi/4.9.3/../../../../arm-none-eabi/lib/armv7e-m\libg_nano.a(lib_a-memmove.o)
                0x08002888                memmove
 .text._realloc_r
                0x080028be       0x4c c:/toolsarm/gcc_arm/bin/../lib/gcc/arm-none-eabi/4.9.3/../../../../arm-none-eabi/lib/armv7e-m\libg_nano.a(lib_a-nano-reallocr.o)
                0x080028be                _realloc_r
 .text._malloc_usable_size_r
                0x0800290a       0x14 c:/toolsarm/gcc_arm/bin/../lib/gcc/arm-none-eabi/4.9.3/../../../../arm-none-eabi/lib/armv7e-m\libg_nano.a(lib_a-nano-msizer.o)
                0x0800290a                _malloc_usable_size_r
 *(.rodata .rodata.* .constdata .constdata.*)
 *fill*         0x0800291e        0x2 
 .rodata.str1.4
                0x08002920       0x31 ./system/src/stm32f4-hal/stm32f4xx_hal_cortex.o
                                 0x34 (size before relaxing)
 *fill*         0x08002951        0x3 
 .rodata.str1.4
                0x08002954       0x2f ./system/src/stm32f4-hal/stm32f4xx_hal_gpio.o
                                 0x30 (size before relaxing)
 *fill*         0x08002983        0x1 
 .rodata.APBAHBPrescTable
                0x08002984       0x10 ./system/src/stm32f4-hal/stm32f4xx_hal_rcc.o
                0x08002984                APBAHBPrescTable
 .rodata.str1.4
                0x08002994       0x2e ./system/src/stm32f4-hal/stm32f4xx_hal_rcc.o
                                 0x30 (size before relaxing)
 *fill*         0x080029c2        0x2 
 .rodata.str1.4
                0x080029c4       0x14 ./system/src/newlib/_exit.o
 .rodata.str1.4
                0x080029d8        0x9 ./system/src/newlib/_syscalls.o
                                  0xc (size before relaxing)
 *fill*         0x080029e1        0x3 
 .rodata.str1.4
                0x080029e4       0x6b ./system/src/newlib/assert.o
                                 0x70 (size before relaxing)
 *fill*         0x08002a4f        0x1 
 .rodata.str1.4
                0x08002a50       0x2d ./system/src/diag/Trace.o
                                 0x30 (size before relaxing)
 *fill*         0x08002a7d        0x3 
 .rodata.str1.4
                0x08002a80       0x20 ./src/my_flash.o
 .rodata._ctype_
                0x08002aa0      0x101 c:/toolsarm/gcc_arm/bin/../lib/gcc/arm-none-eabi/4.9.3/../../../../arm-none-eabi/lib/armv7e-m\libg_nano.a(lib_a-ctype_.o)
                0x08002aa0                _ctype_
 *fill*         0x08002ba1        0x3 
 .rodata.__sf_fake_stdin
                0x08002ba4       0x20 c:/toolsarm/gcc_arm/bin/../lib/gcc/arm-none-eabi/4.9.3/../../../../arm-none-eabi/lib/armv7e-m\libg_nano.a(lib_a-findfp.o)
                0x08002ba4                __sf_fake_stdin
 .rodata.__sf_fake_stdout
                0x08002bc4       0x20 c:/toolsarm/gcc_arm/bin/../lib/gcc/arm-none-eabi/4.9.3/../../../../arm-none-eabi/lib/armv7e-m\libg_nano.a(lib_a-findfp.o)
                0x08002bc4                __sf_fake_stdout
 .rodata.__sf_fake_stderr
                0x08002be4       0x20 c:/toolsarm/gcc_arm/bin/../lib/gcc/arm-none-eabi/4.9.3/../../../../arm-none-eabi/lib/armv7e-m\libg_nano.a(lib_a-findfp.o)
                0x08002be4                __sf_fake_stderr
 .rodata.str1.1
                0x08002c04        0x2 c:/toolsarm/gcc_arm/bin/../lib/gcc/arm-none-eabi/4.9.3/../../../../arm-none-eabi/lib/armv7e-m\libg_nano.a(lib_a-impure.o)
 *fill*         0x08002c06        0x2 
 .rodata._global_impure_ptr
                0x08002c08        0x4 c:/toolsarm/gcc_arm/bin/../lib/gcc/arm-none-eabi/4.9.3/../../../../arm-none-eabi/lib/armv7e-m\libg_nano.a(lib_a-impure.o)
                0x08002c08                _global_impure_ptr
 .rodata.str1.1
                0x08002c0c       0x11 c:/toolsarm/gcc_arm/bin/../lib/gcc/arm-none-eabi/4.9.3/../../../../arm-none-eabi/lib/armv7e-m\libg_nano.a(lib_a-nano-svfprintf.o)
 .rodata.str1.1
                0x08002c1d       0x22 c:/toolsarm/gcc_arm/bin/../lib/gcc/arm-none-eabi/4.9.3/../../../../arm-none-eabi/lib/armv7e-m\libg_nano.a(lib_a-nano-vfprintf_i.o)
 *(vtable)
 *(.eh_frame*)
 *(.glue_7)
 .glue_7        0x00000000        0x0 linker stubs
 *(.glue_7t)
 .glue_7t       0x00000000        0x0 linker stubs

.vfp11_veneer   0x08002c40        0x0
 .vfp11_veneer  0x00000000        0x0 linker stubs

.v4_bx          0x08002c40        0x0
 .v4_bx         0x00000000        0x0 linker stubs

.iplt           0x08002c40        0x0
 .iplt          0x00000000        0x0 ./system/src/stm32f4-hal/stm32f4xx_hal.o

.rel.dyn        0x08002c40        0x0
 .rel.iplt      0x00000000        0x0 ./system/src/stm32f4-hal/stm32f4xx_hal.o

.ARM.extab
 *(.ARM.extab* .gnu.linkonce.armextab.*)
                0x08002c40                . = ALIGN (0x4)
                0x08002c40                __exidx_start = .

.ARM.exidx
 *(.ARM.exidx* .gnu.linkonce.armexidx.*)
                0x08002c40                __exidx_end = .
                0x08002c40                . = ALIGN (0x4)
                0x08002c40                _etext = .
                0x08002c40                __etext = .

.data_CCMRAM    0x10000000        0x0 load address 0x08002c40
 FILL mask 0xff
 *(.data.CCMRAM .data.CCMRAM.*)
                0x10000000                . = ALIGN (0x4)
                0x08002c40                _sidata = LOADADDR (.data)

.data           0x20000000       0x74 load address 0x08002c40
 FILL mask 0xff
                0x20000000                _sdata = .
                0x20000000                __data_start__ = .
 *(.data_begin .data_begin.*)
 .data_begin    0x20000000        0x4 ./system/src/newlib/_startup.o
 *(.data .data.*)
 .data.SystemCoreClock
                0x20000004        0x4 ./system/src/cmsis/system_stm32f4xx.o
                0x20000004                SystemCoreClock
 .data.__ctype_ptr__
                0x20000008        0x4 c:/toolsarm/gcc_arm/bin/../lib/gcc/arm-none-eabi/4.9.3/../../../../arm-none-eabi/lib/armv7e-m\libg_nano.a(lib_a-ctype_.o)
                0x20000008                __ctype_ptr__
 .data.impure_data
                0x2000000c       0x60 c:/toolsarm/gcc_arm/bin/../lib/gcc/arm-none-eabi/4.9.3/../../../../arm-none-eabi/lib/armv7e-m\libg_nano.a(lib_a-impure.o)
 .data._impure_ptr
                0x2000006c        0x4 c:/toolsarm/gcc_arm/bin/../lib/gcc/arm-none-eabi/4.9.3/../../../../arm-none-eabi/lib/armv7e-m\libg_nano.a(lib_a-impure.o)
                0x2000006c                _impure_ptr
 *(.data_end .data_end.*)
 .data_end      0x20000070        0x4 ./system/src/newlib/_startup.o
                0x20000074                . = ALIGN (0x4)
                0x20000074                _edata = .
                0x20000074                __data_end__ = .

.igot.plt       0x20000074        0x0 load address 0x08002cb4
 .igot.plt      0x00000000        0x0 ./system/src/stm32f4-hal/stm32f4xx_hal.o

.bss_CCMRAM     0x10000000        0x0
 *(.bss.CCMRAM .bss.CCMRAM.*)

.bss            0x20000074      0x1c0
                0x20000074                __bss_start__ = .
                0x20000074                _sbss = .
 *(.bss_begin .bss_begin.*)
 .bss_begin     0x20000074        0x4 ./system/src/newlib/_startup.o
 *(.bss .bss.*)
 .bss.uwTick    0x20000078        0x4 ./system/src/stm32f4-hal/stm32f4xx_hal.o
 .bss.current_heap_end.4304
                0x2000007c        0x4 ./system/src/newlib/_sbrk.o
 .bss.monitor_stdout
                0x20000080        0x4 ./system/src/newlib/_syscalls.o
 .bss.argv_buf.5883
                0x20000084       0x28 ./system/src/newlib/_syscalls.o
 .bss.monitor_stdin
                0x200000ac        0x4 ./system/src/newlib/_syscalls.o
 .bss.monitor_stderr
                0x200000b0        0x4 ./system/src/newlib/_syscalls.o
 .bss.args_buf.5882
                0x200000b4       0x50 ./system/src/newlib/_syscalls.o
 .bss.openfiles
                0x20000104       0xa0 ./system/src/newlib/_syscalls.o
 .bss.buf.5385  0x200001a4       0x80 ./system/src/diag/Trace.o
 .bss.__malloc_sbrk_start
                0x20000224        0x4 c:/toolsarm/gcc_arm/bin/../lib/gcc/arm-none-eabi/4.9.3/../../../../arm-none-eabi/lib/armv7e-m\libg_nano.a(lib_a-nano-mallocr.o)
                0x20000224                __malloc_sbrk_start
 .bss.__malloc_free_list
                0x20000228        0x4 c:/toolsarm/gcc_arm/bin/../lib/gcc/arm-none-eabi/4.9.3/../../../../arm-none-eabi/lib/armv7e-m\libg_nano.a(lib_a-nano-mallocr.o)
                0x20000228                __malloc_free_list
 *(COMMON)
 COMMON         0x2000022c        0x4 ./system/src/newlib/_syscalls.o
                0x2000022c                errno
 *(.bss_end .bss_end.*)
 .bss_end       0x20000230        0x4 ./system/src/newlib/_startup.o
                0x20000234                . = ALIGN (0x4)
                0x20000234                __bss_end__ = .
                0x20000234                _ebss = .

.noinit_CCMRAM
 *(.noinit.CCMRAM .noinit.CCMRAM.*)

.noinit         0x20000234        0x0
                0x20000234                _noinit = .
 *(.noinit .noinit.*)
                0x20000234                . = ALIGN (0x4)
                0x20000234                _end_noinit = .
                0x20000234                PROVIDE (end, _end_noinit)
                0x20000234                PROVIDE (_end, _end_noinit)
                0x20000234                PROVIDE (__end, _end_noinit)
                0x20000234                PROVIDE (__end__, _end_noinit)

._check_stack   0x20000234      0x100
                0x20000334                . = (. + _Minimum_Stack_Size)
 *fill*         0x20000234      0x100 

.b1text
 *(.b1text)
 *(.b1rodata)
 *(.b1rodata.*)

.eb0text
 *(.eb0text)
 *(.eb0rodata)
 *(.eb0rodata.*)

.eb1text
 *(.eb1text)
 *(.eb1rodata)
 *(.eb1rodata.*)

.eb2text
 *(.eb2text)
 *(.eb2rodata)
 *(.eb2rodata.*)

.eb3text
 *(.eb3text)
 *(.eb3rodata)
 *(.eb3rodata.*)

.stab
 *(.stab)

.stabstr
 *(.stabstr)

.stab.excl
 *(.stab.excl)

.stab.exclstr
 *(.stab.exclstr)

.stab.index
 *(.stab.index)

.stab.indexstr
 *(.stab.indexstr)

.comment        0x00000000       0x70
 *(.comment)
 .comment       0x00000000       0x70 ./system/src/stm32f4-hal/stm32f4xx_hal.o
                                 0x71 (size before relaxing)
 .comment       0x00000000       0x71 ./system/src/stm32f4-hal/stm32f4xx_hal_cortex.o
 .comment       0x00000000       0x71 ./system/src/stm32f4-hal/stm32f4xx_hal_gpio.o
 .comment       0x00000000       0x71 ./system/src/stm32f4-hal/stm32f4xx_hal_rcc.o
 .comment       0x00000000       0x71 ./system/src/newlib/_exit.o
 .comment       0x00000000       0x71 ./system/src/newlib/_sbrk.o
 .comment       0x00000000       0x71 ./system/src/newlib/_startup.o
 .comment       0x00000000       0x71 ./system/src/newlib/_syscalls.o
 .comment       0x00000000       0x71 ./system/src/newlib/assert.o
 .comment       0x00000000       0x71 ./system/src/diag/Trace.o
 .comment       0x00000000       0x71 ./system/src/diag/trace_impl.o
 .comment       0x00000000       0x71 ./system/src/cortexm/_initialize_hardware.o
 .comment       0x00000000       0x71 ./system/src/cortexm/exception_handlers.o
 .comment       0x00000000       0x71 ./system/src/cmsis/system_stm32f4xx.o
 .comment       0x00000000       0x71 ./system/src/cmsis/vectors_stm32f4xx.o
 .comment       0x00000000       0x71 ./src/_initialize_hardware.o
 .comment       0x00000000       0x71 ./src/main.o
 .comment       0x00000000       0x71 ./src/my_flash.o

.ARM.attributes
                0x00000000       0x33
 .ARM.attributes
                0x00000000       0x33 ./system/src/stm32f4-hal/stm32f4xx_hal.o
 .ARM.attributes
                0x00000033       0x33 ./system/src/stm32f4-hal/stm32f4xx_hal_cortex.o
 .ARM.attributes
                0x00000066       0x33 ./system/src/stm32f4-hal/stm32f4xx_hal_gpio.o
 .ARM.attributes
                0x00000099       0x33 ./system/src/stm32f4-hal/stm32f4xx_hal_rcc.o
 .ARM.attributes
                0x000000cc       0x33 ./system/src/newlib/_exit.o
 .ARM.attributes
                0x000000ff       0x33 ./system/src/newlib/_sbrk.o
 .ARM.attributes
                0x00000132       0x33 ./system/src/newlib/_startup.o
 .ARM.attributes
                0x00000165       0x33 ./system/src/newlib/_syscalls.o
 .ARM.attributes
                0x00000198       0x33 ./system/src/newlib/assert.o
 .ARM.attributes
                0x000001cb       0x33 ./system/src/diag/Trace.o
 .ARM.attributes
                0x000001fe       0x33 ./system/src/diag/trace_impl.o
 .ARM.attributes
                0x00000231       0x33 ./system/src/cortexm/_initialize_hardware.o
 .ARM.attributes
                0x00000264       0x33 ./system/src/cortexm/exception_handlers.o
 .ARM.attributes
                0x00000297       0x33 ./system/src/cmsis/system_stm32f4xx.o
 .ARM.attributes
                0x000002ca       0x33 ./system/src/cmsis/vectors_stm32f4xx.o
 .ARM.attributes
                0x000002fd       0x33 ./src/_initialize_hardware.o
 .ARM.attributes
                0x00000330       0x33 ./src/main.o
 .ARM.attributes
                0x00000363       0x33 ./src/my_flash.o
 .ARM.attributes
                0x00000396       0x2e c:/toolsarm/gcc_arm/bin/../lib/gcc/arm-none-eabi/4.9.3/../../../../arm-none-eabi/lib/armv7e-m\libg_nano.a(lib_a-ctype_.o)
 .ARM.attributes
                0x000003c4       0x2e c:/toolsarm/gcc_arm/bin/../lib/gcc/arm-none-eabi/4.9.3/../../../../arm-none-eabi/lib/armv7e-m\libg_nano.a(lib_a-errno.o)
 .ARM.attributes
                0x000003f2       0x2e c:/toolsarm/gcc_arm/bin/../lib/gcc/arm-none-eabi/4.9.3/../../../../arm-none-eabi/lib/armv7e-m\libg_nano.a(lib_a-findfp.o)
 .ARM.attributes
                0x00000420       0x2e c:/toolsarm/gcc_arm/bin/../lib/gcc/arm-none-eabi/4.9.3/../../../../arm-none-eabi/lib/armv7e-m\libg_nano.a(lib_a-fwalk.o)
 .ARM.attributes
                0x0000044e       0x2e c:/toolsarm/gcc_arm/bin/../lib/gcc/arm-none-eabi/4.9.3/../../../../arm-none-eabi/lib/armv7e-m\libg_nano.a(lib_a-impure.o)
 .ARM.attributes
                0x0000047c       0x2e c:/toolsarm/gcc_arm/bin/../lib/gcc/arm-none-eabi/4.9.3/../../../../arm-none-eabi/lib/armv7e-m\libg_nano.a(lib_a-memset.o)
 .ARM.attributes
                0x000004aa       0x2e c:/toolsarm/gcc_arm/bin/../lib/gcc/arm-none-eabi/4.9.3/../../../../arm-none-eabi/lib/armv7e-m\libg_nano.a(lib_a-nano-mallocr.o)
 .ARM.attributes
                0x000004d8       0x2e c:/toolsarm/gcc_arm/bin/../lib/gcc/arm-none-eabi/4.9.3/../../../../arm-none-eabi/lib/armv7e-m\libg_nano.a(lib_a-puts.o)
 .ARM.attributes
                0x00000506       0x2e c:/toolsarm/gcc_arm/bin/../lib/gcc/arm-none-eabi/4.9.3/../../../../arm-none-eabi/lib/armv7e-m\libg_nano.a(lib_a-sbrkr.o)
 .ARM.attributes
                0x00000534       0x2e c:/toolsarm/gcc_arm/bin/../lib/gcc/arm-none-eabi/4.9.3/../../../../arm-none-eabi/lib/armv7e-m\libg_nano.a(lib_a-stdio.o)
 .ARM.attributes
                0x00000562       0x2e c:/toolsarm/gcc_arm/bin/../lib/gcc/arm-none-eabi/4.9.3/../../../../arm-none-eabi/lib/armv7e-m\libg_nano.a(lib_a-strlen.o)
 .ARM.attributes
                0x00000590       0x2e c:/toolsarm/gcc_arm/bin/../lib/gcc/arm-none-eabi/4.9.3/../../../../arm-none-eabi/lib/armv7e-m\libg_nano.a(lib_a-vsnprintf.o)
 .ARM.attributes
                0x000005be       0x2e c:/toolsarm/gcc_arm/bin/../lib/gcc/arm-none-eabi/4.9.3/../../../../arm-none-eabi/lib/armv7e-m\libg_nano.a(lib_a-wbuf.o)
 .ARM.attributes
                0x000005ec       0x2e c:/toolsarm/gcc_arm/bin/../lib/gcc/arm-none-eabi/4.9.3/../../../../arm-none-eabi/lib/armv7e-m\libg_nano.a(lib_a-writer.o)
 .ARM.attributes
                0x0000061a       0x2e c:/toolsarm/gcc_arm/bin/../lib/gcc/arm-none-eabi/4.9.3/../../../../arm-none-eabi/lib/armv7e-m\libg_nano.a(lib_a-wsetup.o)
 .ARM.attributes
                0x00000648       0x2e c:/toolsarm/gcc_arm/bin/../lib/gcc/arm-none-eabi/4.9.3/../../../../arm-none-eabi/lib/armv7e-m\libg_nano.a(lib_a-closer.o)
 .ARM.attributes
                0x00000676       0x2e c:/toolsarm/gcc_arm/bin/../lib/gcc/arm-none-eabi/4.9.3/../../../../arm-none-eabi/lib/armv7e-m\libg_nano.a(lib_a-fflush.o)
 .ARM.attributes
                0x000006a4       0x2e c:/toolsarm/gcc_arm/bin/../lib/gcc/arm-none-eabi/4.9.3/../../../../arm-none-eabi/lib/armv7e-m\libg_nano.a(lib_a-lseekr.o)
 .ARM.attributes
                0x000006d2       0x2e c:/toolsarm/gcc_arm/bin/../lib/gcc/arm-none-eabi/4.9.3/../../../../arm-none-eabi/lib/armv7e-m\libg_nano.a(lib_a-makebuf.o)
 .ARM.attributes
                0x00000700       0x2e c:/toolsarm/gcc_arm/bin/../lib/gcc/arm-none-eabi/4.9.3/../../../../arm-none-eabi/lib/armv7e-m\libg_nano.a(lib_a-nano-freer.o)
 .ARM.attributes
                0x0000072e       0x2e c:/toolsarm/gcc_arm/bin/../lib/gcc/arm-none-eabi/4.9.3/../../../../arm-none-eabi/lib/armv7e-m\libg_nano.a(lib_a-nano-svfprintf.o)
 .ARM.attributes
                0x0000075c       0x2e c:/toolsarm/gcc_arm/bin/../lib/gcc/arm-none-eabi/4.9.3/../../../../arm-none-eabi/lib/armv7e-m\libg_nano.a(lib_a-nano-vfprintf_i.o)
 .ARM.attributes
                0x0000078a       0x2e c:/toolsarm/gcc_arm/bin/../lib/gcc/arm-none-eabi/4.9.3/../../../../arm-none-eabi/lib/armv7e-m\libg_nano.a(lib_a-readr.o)
 .ARM.attributes
                0x000007b8       0x2e c:/toolsarm/gcc_arm/bin/../lib/gcc/arm-none-eabi/4.9.3/../../../../arm-none-eabi/lib/armv7e-m\libg_nano.a(lib_a-fstatr.o)
 .ARM.attributes
                0x000007e6       0x2e c:/toolsarm/gcc_arm/bin/../lib/gcc/arm-none-eabi/4.9.3/../../../../arm-none-eabi/lib/armv7e-m\libg_nano.a(lib_a-isattyr.o)
 .ARM.attributes
                0x00000814       0x2e c:/toolsarm/gcc_arm/bin/../lib/gcc/arm-none-eabi/4.9.3/../../../../arm-none-eabi/lib/armv7e-m\libg_nano.a(lib_a-memchr.o)
 .ARM.attributes
                0x00000842       0x2e c:/toolsarm/gcc_arm/bin/../lib/gcc/arm-none-eabi/4.9.3/../../../../arm-none-eabi/lib/armv7e-m\libg_nano.a(lib_a-memcpy.o)
 .ARM.attributes
                0x00000870       0x2e c:/toolsarm/gcc_arm/bin/../lib/gcc/arm-none-eabi/4.9.3/../../../../arm-none-eabi/lib/armv7e-m\libg_nano.a(lib_a-memmove.o)
 .ARM.attributes
                0x0000089e       0x2e c:/toolsarm/gcc_arm/bin/../lib/gcc/arm-none-eabi/4.9.3/../../../../arm-none-eabi/lib/armv7e-m\libg_nano.a(lib_a-nano-reallocr.o)
 .ARM.attributes
                0x000008cc       0x2e c:/toolsarm/gcc_arm/bin/../lib/gcc/arm-none-eabi/4.9.3/../../../../arm-none-eabi/lib/armv7e-m\libg_nano.a(lib_a-nano-msizer.o)

.debug
 *(.debug)

.line
 *(.line)

.debug_srcinfo
 *(.debug_srcinfo)

.debug_sfnames
 *(.debug_sfnames)

.debug_aranges  0x00000000      0x5e8
 *(.debug_aranges)
 .debug_aranges
                0x00000000       0xc0 ./system/src/stm32f4-hal/stm32f4xx_hal.o
 .debug_aranges
                0x000000c0       0x90 ./system/src/stm32f4-hal/stm32f4xx_hal_cortex.o
 .debug_aranges
                0x00000150       0x58 ./system/src/stm32f4-hal/stm32f4xx_hal_gpio.o
 .debug_aranges
                0x000001a8       0x88 ./system/src/stm32f4-hal/stm32f4xx_hal_rcc.o
 .debug_aranges
                0x00000230       0x28 ./system/src/newlib/_exit.o
 .debug_aranges
                0x00000258       0x20 ./system/src/newlib/_sbrk.o
 .debug_aranges
                0x00000278       0x40 ./system/src/newlib/_startup.o
 .debug_aranges
                0x000002b8      0x120 ./system/src/newlib/_syscalls.o
 .debug_aranges
                0x000003d8       0x28 ./system/src/newlib/assert.o
 .debug_aranges
                0x00000400       0x38 ./system/src/diag/Trace.o
 .debug_aranges
                0x00000438       0x30 ./system/src/diag/trace_impl.o
 .debug_aranges
                0x00000468       0x28 ./system/src/cortexm/_initialize_hardware.o
 .debug_aranges
                0x00000490       0x68 ./system/src/cortexm/exception_handlers.o
 .debug_aranges
                0x000004f8       0x28 ./system/src/cmsis/system_stm32f4xx.o
 .debug_aranges
                0x00000520       0x20 ./system/src/cmsis/vectors_stm32f4xx.o
 .debug_aranges
                0x00000540       0x28 ./src/_initialize_hardware.o
 .debug_aranges
                0x00000568       0x28 ./src/main.o
 .debug_aranges
                0x00000590       0x58 ./src/my_flash.o

.debug_pubnames
 *(.debug_pubnames)

.debug_info     0x00000000     0x78c7
 *(.debug_info .gnu.linkonce.wi.*)
 .debug_info    0x00000000      0x8a2 ./system/src/stm32f4-hal/stm32f4xx_hal.o
 .debug_info    0x000008a2      0xd8c ./system/src/stm32f4-hal/stm32f4xx_hal_cortex.o
 .debug_info    0x0000162e      0x833 ./system/src/stm32f4-hal/stm32f4xx_hal_gpio.o
 .debug_info    0x00001e61     0x1343 ./system/src/stm32f4-hal/stm32f4xx_hal_rcc.o
 .debug_info    0x000031a4      0x100 ./system/src/newlib/_exit.o
 .debug_info    0x000032a4      0x125 ./system/src/newlib/_sbrk.o
 .debug_info    0x000033c9      0x51a ./system/src/newlib/_startup.o
 .debug_info    0x000038e3     0x1ed9 ./system/src/newlib/_syscalls.o
 .debug_info    0x000057bc      0x1c6 ./system/src/newlib/assert.o
 .debug_info    0x00005982      0x32b ./system/src/diag/Trace.o
 .debug_info    0x00005cad      0x374 ./system/src/diag/trace_impl.o
 .debug_info    0x00006021       0xea ./system/src/cortexm/_initialize_hardware.o
 .debug_info    0x0000610b       0xe9 ./system/src/cortexm/exception_handlers.o
 .debug_info    0x000061f4      0x4a7 ./system/src/cmsis/system_stm32f4xx.o
 .debug_info    0x0000669b       0x92 ./system/src/cmsis/vectors_stm32f4xx.o
 .debug_info    0x0000672d      0x4d6 ./src/_initialize_hardware.o
 .debug_info    0x00006c03      0x4f0 ./src/main.o
 .debug_info    0x000070f3      0x7d4 ./src/my_flash.o

.debug_abbrev   0x00000000     0x1d1e
 *(.debug_abbrev)
 .debug_abbrev  0x00000000      0x1f7 ./system/src/stm32f4-hal/stm32f4xx_hal.o
 .debug_abbrev  0x000001f7      0x2d7 ./system/src/stm32f4-hal/stm32f4xx_hal_cortex.o
 .debug_abbrev  0x000004ce      0x1fe ./system/src/stm32f4-hal/stm32f4xx_hal_gpio.o
 .debug_abbrev  0x000006cc      0x2fb ./system/src/stm32f4-hal/stm32f4xx_hal_rcc.o
 .debug_abbrev  0x000009c7       0xa4 ./system/src/newlib/_exit.o
 .debug_abbrev  0x00000a6b       0xbb ./system/src/newlib/_sbrk.o
 .debug_abbrev  0x00000b26      0x211 ./system/src/newlib/_startup.o
 .debug_abbrev  0x00000d37      0x451 ./system/src/newlib/_syscalls.o
 .debug_abbrev  0x00001188       0xc9 ./system/src/newlib/assert.o
 .debug_abbrev  0x00001251      0x178 ./system/src/diag/Trace.o
 .debug_abbrev  0x000013c9      0x1e6 ./system/src/diag/trace_impl.o
 .debug_abbrev  0x000015af       0x88 ./system/src/cortexm/_initialize_hardware.o
 .debug_abbrev  0x00001637       0x65 ./system/src/cortexm/exception_handlers.o
 .debug_abbrev  0x0000169c      0x104 ./system/src/cmsis/system_stm32f4xx.o
 .debug_abbrev  0x000017a0       0x92 ./system/src/cmsis/vectors_stm32f4xx.o
 .debug_abbrev  0x00001832      0x17e ./src/_initialize_hardware.o
 .debug_abbrev  0x000019b0      0x199 ./src/main.o
 .debug_abbrev  0x00001b49      0x1d5 ./src/my_flash.o

.debug_line     0x00000000     0x6de9
 *(.debug_line)
 .debug_line    0x00000000      0x8e2 ./system/src/stm32f4-hal/stm32f4xx_hal.o
 .debug_line    0x000008e2      0x91f ./system/src/stm32f4-hal/stm32f4xx_hal_cortex.o
 .debug_line    0x00001201      0x9f3 ./system/src/stm32f4-hal/stm32f4xx_hal_gpio.o
 .debug_line    0x00001bf4      0xc77 ./system/src/stm32f4-hal/stm32f4xx_hal_rcc.o
 .debug_line    0x0000286b      0x22d ./system/src/newlib/_exit.o
 .debug_line    0x00002a98      0x1d0 ./system/src/newlib/_sbrk.o
 .debug_line    0x00002c68      0x2a9 ./system/src/newlib/_startup.o
 .debug_line    0x00002f11      0x768 ./system/src/newlib/_syscalls.o
 .debug_line    0x00003679      0x26d ./system/src/newlib/assert.o
 .debug_line    0x000038e6      0x288 ./system/src/diag/Trace.o
 .debug_line    0x00003b6e      0x8b0 ./system/src/diag/trace_impl.o
 .debug_line    0x0000441e      0x798 ./system/src/cortexm/_initialize_hardware.o
 .debug_line    0x00004bb6       0xbf ./system/src/cortexm/exception_handlers.o
 .debug_line    0x00004c75      0x799 ./system/src/cmsis/system_stm32f4xx.o
 .debug_line    0x0000540e       0x8e ./system/src/cmsis/vectors_stm32f4xx.o
 .debug_line    0x0000549c      0x78d ./src/_initialize_hardware.o
 .debug_line    0x00005c29      0x870 ./src/main.o
 .debug_line    0x00006499      0x950 ./src/my_flash.o

.debug_frame    0x00000000     0x14a0
 *(.debug_frame)
 .debug_frame   0x00000000      0x188 ./system/src/stm32f4-hal/stm32f4xx_hal.o
 .debug_frame   0x00000188      0x134 ./system/src/stm32f4-hal/stm32f4xx_hal_cortex.o
 .debug_frame   0x000002bc       0xf4 ./system/src/stm32f4-hal/stm32f4xx_hal_gpio.o
 .debug_frame   0x000003b0      0x13c ./system/src/stm32f4-hal/stm32f4xx_hal_rcc.o
 .debug_frame   0x000004ec       0x38 ./system/src/newlib/_exit.o
 .debug_frame   0x00000524       0x28 ./system/src/newlib/_sbrk.o
 .debug_frame   0x0000054c       0x7c ./system/src/newlib/_startup.o
 .debug_frame   0x000005c8      0x3d0 ./system/src/newlib/_syscalls.o
 .debug_frame   0x00000998       0x40 ./system/src/newlib/assert.o
 .debug_frame   0x000009d8       0x94 ./system/src/diag/Trace.o
 .debug_frame   0x00000a6c       0x60 ./system/src/diag/trace_impl.o
 .debug_frame   0x00000acc       0x40 ./system/src/cortexm/_initialize_hardware.o
 .debug_frame   0x00000b0c       0xb8 ./system/src/cortexm/exception_handlers.o
 .debug_frame   0x00000bc4       0x30 ./system/src/cmsis/system_stm32f4xx.o
 .debug_frame   0x00000bf4       0x20 ./system/src/cmsis/vectors_stm32f4xx.o
 .debug_frame   0x00000c14       0x48 ./src/_initialize_hardware.o
 .debug_frame   0x00000c5c       0x48 ./src/main.o
 .debug_frame   0x00000ca4       0xd0 ./src/my_flash.o
 .debug_frame   0x00000d74       0x20 c:/toolsarm/gcc_arm/bin/../lib/gcc/arm-none-eabi/4.9.3/../../../../arm-none-eabi/lib/armv7e-m\libg_nano.a(lib_a-errno.o)
 .debug_frame   0x00000d94      0x11c c:/toolsarm/gcc_arm/bin/../lib/gcc/arm-none-eabi/4.9.3/../../../../arm-none-eabi/lib/armv7e-m\libg_nano.a(lib_a-findfp.o)
 .debug_frame   0x00000eb0       0x54 c:/toolsarm/gcc_arm/bin/../lib/gcc/arm-none-eabi/4.9.3/../../../../arm-none-eabi/lib/armv7e-m\libg_nano.a(lib_a-fwalk.o)
 .debug_frame   0x00000f04       0x20 c:/toolsarm/gcc_arm/bin/../lib/gcc/arm-none-eabi/4.9.3/../../../../arm-none-eabi/lib/armv7e-m\libg_nano.a(lib_a-memset.o)
 .debug_frame   0x00000f24       0x2c c:/toolsarm/gcc_arm/bin/../lib/gcc/arm-none-eabi/4.9.3/../../../../arm-none-eabi/lib/armv7e-m\libg_nano.a(lib_a-nano-mallocr.o)
 .debug_frame   0x00000f50       0x3c c:/toolsarm/gcc_arm/bin/../lib/gcc/arm-none-eabi/4.9.3/../../../../arm-none-eabi/lib/armv7e-m\libg_nano.a(lib_a-puts.o)
 .debug_frame   0x00000f8c       0x2c c:/toolsarm/gcc_arm/bin/../lib/gcc/arm-none-eabi/4.9.3/../../../../arm-none-eabi/lib/armv7e-m\libg_nano.a(lib_a-sbrkr.o)
 .debug_frame   0x00000fb8       0x88 c:/toolsarm/gcc_arm/bin/../lib/gcc/arm-none-eabi/4.9.3/../../../../arm-none-eabi/lib/armv7e-m\libg_nano.a(lib_a-stdio.o)
 .debug_frame   0x00001040       0x20 c:/toolsarm/gcc_arm/bin/../lib/gcc/arm-none-eabi/4.9.3/../../../../arm-none-eabi/lib/armv7e-m\libg_nano.a(lib_a-strlen.o)
 .debug_frame   0x00001060       0x50 c:/toolsarm/gcc_arm/bin/../lib/gcc/arm-none-eabi/4.9.3/../../../../arm-none-eabi/lib/armv7e-m\libg_nano.a(lib_a-vsnprintf.o)
 .debug_frame   0x000010b0       0x3c c:/toolsarm/gcc_arm/bin/../lib/gcc/arm-none-eabi/4.9.3/../../../../arm-none-eabi/lib/armv7e-m\libg_nano.a(lib_a-wbuf.o)
 .debug_frame   0x000010ec       0x2c c:/toolsarm/gcc_arm/bin/../lib/gcc/arm-none-eabi/4.9.3/../../../../arm-none-eabi/lib/armv7e-m\libg_nano.a(lib_a-writer.o)
 .debug_frame   0x00001118       0x2c c:/toolsarm/gcc_arm/bin/../lib/gcc/arm-none-eabi/4.9.3/../../../../arm-none-eabi/lib/armv7e-m\libg_nano.a(lib_a-wsetup.o)
 .debug_frame   0x00001144       0x2c c:/toolsarm/gcc_arm/bin/../lib/gcc/arm-none-eabi/4.9.3/../../../../arm-none-eabi/lib/armv7e-m\libg_nano.a(lib_a-closer.o)
 .debug_frame   0x00001170       0x68 c:/toolsarm/gcc_arm/bin/../lib/gcc/arm-none-eabi/4.9.3/../../../../arm-none-eabi/lib/armv7e-m\libg_nano.a(lib_a-fflush.o)
 .debug_frame   0x000011d8       0x2c c:/toolsarm/gcc_arm/bin/../lib/gcc/arm-none-eabi/4.9.3/../../../../arm-none-eabi/lib/armv7e-m\libg_nano.a(lib_a-lseekr.o)
 .debug_frame   0x00001204       0x34 c:/toolsarm/gcc_arm/bin/../lib/gcc/arm-none-eabi/4.9.3/../../../../arm-none-eabi/lib/armv7e-m\libg_nano.a(lib_a-makebuf.o)
 .debug_frame   0x00001238       0x2c c:/toolsarm/gcc_arm/bin/../lib/gcc/arm-none-eabi/4.9.3/../../../../arm-none-eabi/lib/armv7e-m\libg_nano.a(lib_a-nano-freer.o)
 .debug_frame   0x00001264       0x8c c:/toolsarm/gcc_arm/bin/../lib/gcc/arm-none-eabi/4.9.3/../../../../arm-none-eabi/lib/armv7e-m\libg_nano.a(lib_a-nano-svfprintf.o)
 .debug_frame   0x000012f0       0x58 c:/toolsarm/gcc_arm/bin/../lib/gcc/arm-none-eabi/4.9.3/../../../../arm-none-eabi/lib/armv7e-m\libg_nano.a(lib_a-nano-vfprintf_i.o)
 .debug_frame   0x00001348       0x2c c:/toolsarm/gcc_arm/bin/../lib/gcc/arm-none-eabi/4.9.3/../../../../arm-none-eabi/lib/armv7e-m\libg_nano.a(lib_a-readr.o)
 .debug_frame   0x00001374       0x2c c:/toolsarm/gcc_arm/bin/../lib/gcc/arm-none-eabi/4.9.3/../../../../arm-none-eabi/lib/armv7e-m\libg_nano.a(lib_a-fstatr.o)
 .debug_frame   0x000013a0       0x2c c:/toolsarm/gcc_arm/bin/../lib/gcc/arm-none-eabi/4.9.3/../../../../arm-none-eabi/lib/armv7e-m\libg_nano.a(lib_a-isattyr.o)
 .debug_frame   0x000013cc       0x28 c:/toolsarm/gcc_arm/bin/../lib/gcc/arm-none-eabi/4.9.3/../../../../arm-none-eabi/lib/armv7e-m\libg_nano.a(lib_a-memchr.o)
 .debug_frame   0x000013f4       0x28 c:/toolsarm/gcc_arm/bin/../lib/gcc/arm-none-eabi/4.9.3/../../../../arm-none-eabi/lib/armv7e-m\libg_nano.a(lib_a-memcpy.o)
 .debug_frame   0x0000141c       0x28 c:/toolsarm/gcc_arm/bin/../lib/gcc/arm-none-eabi/4.9.3/../../../../arm-none-eabi/lib/armv7e-m\libg_nano.a(lib_a-memmove.o)
 .debug_frame   0x00001444       0x3c c:/toolsarm/gcc_arm/bin/../lib/gcc/arm-none-eabi/4.9.3/../../../../arm-none-eabi/lib/armv7e-m\libg_nano.a(lib_a-nano-reallocr.o)
 .debug_frame   0x00001480       0x20 c:/toolsarm/gcc_arm/bin/../lib/gcc/arm-none-eabi/4.9.3/../../../../arm-none-eabi/lib/armv7e-m\libg_nano.a(lib_a-nano-msizer.o)

.debug_str      0x00000000    0x84792
 *(.debug_str)
 .debug_str     0x00000000    0x7ce07 ./system/src/stm32f4-hal/stm32f4xx_hal.o
                              0x7cfbf (size before relaxing)
 .debug_str     0x0007ce07      0x2a3 ./system/src/stm32f4-hal/stm32f4xx_hal_cortex.o
                              0x7cd8b (size before relaxing)
 .debug_str     0x0007d0aa      0x600 ./system/src/stm32f4-hal/stm32f4xx_hal_gpio.o
                              0x7cbc7 (size before relaxing)
 .debug_str     0x0007d6aa      0x430 ./system/src/stm32f4-hal/stm32f4xx_hal_rcc.o
                              0x7cad7 (size before relaxing)
 .debug_str     0x0007dada     0x3603 ./system/src/newlib/_exit.o
                               0x5e07 (size before relaxing)
 .debug_str     0x000810dd      0x4de ./system/src/newlib/_sbrk.o
                               0x4579 (size before relaxing)
 .debug_str     0x000815bb      0x2c6 ./system/src/newlib/_startup.o
                               0x4079 (size before relaxing)
 .debug_str     0x00081881     0x23a0 ./system/src/newlib/_syscalls.o
                               0x8ed8 (size before relaxing)
 .debug_str     0x00083c21       0xd0 ./system/src/newlib/assert.o
                               0x67da (size before relaxing)
 .debug_str     0x00083cf1      0x171 ./system/src/diag/Trace.o
                               0x6647 (size before relaxing)
 .debug_str     0x00083e62       0xc0 ./system/src/diag/trace_impl.o
                              0x7f173 (size before relaxing)
 .debug_str     0x00083f22       0x4e ./system/src/cortexm/_initialize_hardware.o
                              0x7c4c8 (size before relaxing)
 .debug_str     0x00083f70       0xe8 ./system/src/cortexm/exception_handlers.o
                               0x25ff (size before relaxing)
 .debug_str     0x00084058       0x46 ./system/src/cmsis/system_stm32f4xx.o
                              0x7c63b (size before relaxing)
 .debug_str     0x0008409e       0x57 ./system/src/cmsis/vectors_stm32f4xx.o
                               0x259c (size before relaxing)
 .debug_str     0x000840f5       0x35 ./src/_initialize_hardware.o
                              0x7c738 (size before relaxing)
 .debug_str     0x0008412a      0x4de ./src/main.o
                              0x80881 (size before relaxing)
 .debug_str     0x00084608      0x18a ./src/my_flash.o
                              0x80925 (size before relaxing)

.debug_loc      0x00000000     0x2bcd
 *(.debug_loc)
 .debug_loc     0x00000000       0x6a ./system/src/stm32f4-hal/stm32f4xx_hal.o
 .debug_loc     0x0000006a      0x57d ./system/src/stm32f4-hal/stm32f4xx_hal_cortex.o
 .debug_loc     0x000005e7      0x412 ./system/src/stm32f4-hal/stm32f4xx_hal_gpio.o
 .debug_loc     0x000009f9      0x804 ./system/src/stm32f4-hal/stm32f4xx_hal_rcc.o
 .debug_loc     0x000011fd       0x82 ./system/src/newlib/_sbrk.o
 .debug_loc     0x0000127f      0x36e ./system/src/newlib/_startup.o
 .debug_loc     0x000015ed     0x1005 ./system/src/newlib/_syscalls.o
 .debug_loc     0x000025f2       0xec ./system/src/newlib/assert.o
 .debug_loc     0x000026de       0xf7 ./system/src/diag/Trace.o
 .debug_loc     0x000027d5      0x1a0 ./system/src/diag/trace_impl.o
 .debug_loc     0x00002975      0x137 ./system/src/cmsis/system_stm32f4xx.o
 .debug_loc     0x00002aac       0x42 ./src/main.o
 .debug_loc     0x00002aee       0xdf ./src/my_flash.o

.debug_macinfo
 *(.debug_macinfo)

.debug_weaknames
 *(.debug_weaknames)

.debug_funcnames
 *(.debug_funcnames)

.debug_typenames
 *(.debug_typenames)

.debug_varnames
 *(.debug_varnames)
OUTPUT(nand.elf elf32-littlearm)

.debug_ranges   0x00000000      0x510
 .debug_ranges  0x00000000       0xb0 ./system/src/stm32f4-hal/stm32f4xx_hal.o
 .debug_ranges  0x000000b0       0x80 ./system/src/stm32f4-hal/stm32f4xx_hal_cortex.o
 .debug_ranges  0x00000130       0x48 ./system/src/stm32f4-hal/stm32f4xx_hal_gpio.o
 .debug_ranges  0x00000178       0x78 ./system/src/stm32f4-hal/stm32f4xx_hal_rcc.o
 .debug_ranges  0x000001f0       0x18 ./system/src/newlib/_exit.o
 .debug_ranges  0x00000208       0x10 ./system/src/newlib/_sbrk.o
 .debug_ranges  0x00000218       0x30 ./system/src/newlib/_startup.o
 .debug_ranges  0x00000248      0x140 ./system/src/newlib/_syscalls.o
 .debug_ranges  0x00000388       0x18 ./system/src/newlib/assert.o
 .debug_ranges  0x000003a0       0x28 ./system/src/diag/Trace.o
 .debug_ranges  0x000003c8       0x38 ./system/src/diag/trace_impl.o
 .debug_ranges  0x00000400       0x18 ./system/src/cortexm/_initialize_hardware.o
 .debug_ranges  0x00000418       0x58 ./system/src/cortexm/exception_handlers.o
 .debug_ranges  0x00000470       0x18 ./system/src/cmsis/system_stm32f4xx.o
 .debug_ranges  0x00000488       0x10 ./system/src/cmsis/vectors_stm32f4xx.o
 .debug_ranges  0x00000498       0x18 ./src/_initialize_hardware.o
 .debug_ranges  0x000004b0       0x18 ./src/main.o
 .debug_ranges  0x000004c8       0x48 ./src/my_flash.o

.debug_macro    0x00000000    0x15b7e
 .debug_macro   0x00000000      0x35a ./system/src/stm32f4-hal/stm32f4xx_hal.o
 .debug_macro   0x0000035a      0x89e ./system/src/stm32f4-hal/stm32f4xx_hal.o
 .debug_macro   0x00000bf8      0x250 ./system/src/stm32f4-hal/stm32f4xx_hal.o
 .debug_macro   0x00000e48       0x28 ./system/src/stm32f4-hal/stm32f4xx_hal.o
 .debug_macro   0x00000e70       0x28 ./system/src/stm32f4-hal/stm32f4xx_hal.o
 .debug_macro   0x00000e98       0x3b ./system/src/stm32f4-hal/stm32f4xx_hal.o
 .debug_macro   0x00000ed3       0x22 ./system/src/stm32f4-hal/stm32f4xx_hal.o
 .debug_macro   0x00000ef5       0x44 ./system/src/stm32f4-hal/stm32f4xx_hal.o
 .debug_macro   0x00000f39       0x1c ./system/src/stm32f4-hal/stm32f4xx_hal.o
 .debug_macro   0x00000f55      0x1f7 ./system/src/stm32f4-hal/stm32f4xx_hal.o
 .debug_macro   0x0000114c       0x2d ./system/src/stm32f4-hal/stm32f4xx_hal.o
 .debug_macro   0x00001179       0x26 ./system/src/stm32f4-hal/stm32f4xx_hal.o
 .debug_macro   0x0000119f      0xd39 ./system/src/stm32f4-hal/stm32f4xx_hal.o
 .debug_macro   0x00001ed8     0x8fae ./system/src/stm32f4-hal/stm32f4xx_hal.o
 .debug_macro   0x0000ae86       0x43 ./system/src/stm32f4-hal/stm32f4xx_hal.o
 .debug_macro   0x0000aec9       0x57 ./system/src/stm32f4-hal/stm32f4xx_hal.o
 .debug_macro   0x0000af20      0xb9c ./system/src/stm32f4-hal/stm32f4xx_hal.o
 .debug_macro   0x0000babc      0x40f ./system/src/stm32f4-hal/stm32f4xx_hal.o
 .debug_macro   0x0000becb      0x13f ./system/src/stm32f4-hal/stm32f4xx_hal.o
 .debug_macro   0x0000c00a      0x137 ./system/src/stm32f4-hal/stm32f4xx_hal.o
 .debug_macro   0x0000c141      0x2cd ./system/src/stm32f4-hal/stm32f4xx_hal.o
 .debug_macro   0x0000c40e       0x52 ./system/src/stm32f4-hal/stm32f4xx_hal.o
 .debug_macro   0x0000c460      0x3ec ./system/src/stm32f4-hal/stm32f4xx_hal.o
 .debug_macro   0x0000c84c      0x14c ./system/src/stm32f4-hal/stm32f4xx_hal.o
 .debug_macro   0x0000c998      0x3c2 ./system/src/stm32f4-hal/stm32f4xx_hal.o
 .debug_macro   0x0000cd5a       0x22 ./system/src/stm32f4-hal/stm32f4xx_hal.o
 .debug_macro   0x0000cd7c      0x11f ./system/src/stm32f4-hal/stm32f4xx_hal.o
 .debug_macro   0x0000ce9b       0xcd ./system/src/stm32f4-hal/stm32f4xx_hal.o
 .debug_macro   0x0000cf68      0x1d1 ./system/src/stm32f4-hal/stm32f4xx_hal.o
 .debug_macro   0x0000d139      0xde0 ./system/src/stm32f4-hal/stm32f4xx_hal.o
 .debug_macro   0x0000df19      0x132 ./system/src/stm32f4-hal/stm32f4xx_hal.o
 .debug_macro   0x0000e04b      0x217 ./system/src/stm32f4-hal/stm32f4xx_hal.o
 .debug_macro   0x0000e262      0x503 ./system/src/stm32f4-hal/stm32f4xx_hal.o
 .debug_macro   0x0000e765       0x88 ./system/src/stm32f4-hal/stm32f4xx_hal.o
 .debug_macro   0x0000e7ed       0xd5 ./system/src/stm32f4-hal/stm32f4xx_hal.o
 .debug_macro   0x0000e8c2       0xa1 ./system/src/stm32f4-hal/stm32f4xx_hal.o
 .debug_macro   0x0000e963      0x1e6 ./system/src/stm32f4-hal/stm32f4xx_hal.o
 .debug_macro   0x0000eb49      0x1ae ./system/src/stm32f4-hal/stm32f4xx_hal.o
 .debug_macro   0x0000ecf7       0xa4 ./system/src/stm32f4-hal/stm32f4xx_hal.o
 .debug_macro   0x0000ed9b      0x16e ./system/src/stm32f4-hal/stm32f4xx_hal.o
 .debug_macro   0x0000ef09       0x52 ./system/src/stm32f4-hal/stm32f4xx_hal.o
 .debug_macro   0x0000ef5b       0x6c ./system/src/stm32f4-hal/stm32f4xx_hal.o
 .debug_macro   0x0000efc7      0x3d7 ./system/src/stm32f4-hal/stm32f4xx_hal.o
 .debug_macro   0x0000f39e      0x313 ./system/src/stm32f4-hal/stm32f4xx_hal.o
 .debug_macro   0x0000f6b1      0x4b7 ./system/src/stm32f4-hal/stm32f4xx_hal.o
 .debug_macro   0x0000fb68      0x22b ./system/src/stm32f4-hal/stm32f4xx_hal.o
 .debug_macro   0x0000fd93      0x1d1 ./system/src/stm32f4-hal/stm32f4xx_hal.o
 .debug_macro   0x0000ff64      0x84c ./system/src/stm32f4-hal/stm32f4xx_hal.o
 .debug_macro   0x000107b0       0x4d ./system/src/stm32f4-hal/stm32f4xx_hal.o
 .debug_macro   0x000107fd      0x23a ./system/src/stm32f4-hal/stm32f4xx_hal.o
 .debug_macro   0x00010a37      0x1d8 ./system/src/stm32f4-hal/stm32f4xx_hal.o
 .debug_macro   0x00010c0f      0x168 ./system/src/stm32f4-hal/stm32f4xx_hal.o
 .debug_macro   0x00010d77      0x1d8 ./system/src/stm32f4-hal/stm32f4xx_hal.o
 .debug_macro   0x00010f4f       0x85 ./system/src/stm32f4-hal/stm32f4xx_hal.o
 .debug_macro   0x00010fd4      0x1df ./system/src/stm32f4-hal/stm32f4xx_hal.o
 .debug_macro   0x000111b3      0x108 ./system/src/stm32f4-hal/stm32f4xx_hal.o
 .debug_macro   0x000112bb       0x12 ./system/src/stm32f4-hal/stm32f4xx_hal.o
 .debug_macro   0x000112cd       0x74 ./system/src/stm32f4-hal/stm32f4xx_hal.o
 .debug_macro   0x00011341      0x126 ./system/src/stm32f4-hal/stm32f4xx_hal.o
 .debug_macro   0x00011467      0x30c ./system/src/stm32f4-hal/stm32f4xx_hal_cortex.o
 .debug_macro   0x00011773      0x34b ./system/src/stm32f4-hal/stm32f4xx_hal_gpio.o
 .debug_macro   0x00011abe      0x34e ./system/src/stm32f4-hal/stm32f4xx_hal_rcc.o
 .debug_macro   0x00011e0c      0x128 ./system/src/newlib/_exit.o
 .debug_macro   0x00011f34       0x9c ./system/src/newlib/_exit.o
 .debug_macro   0x00011fd0      0x10e ./system/src/newlib/_exit.o
 .debug_macro   0x000120de       0x86 ./system/src/newlib/_exit.o
 .debug_macro   0x00012164       0x43 ./system/src/newlib/_exit.o
 .debug_macro   0x000121a7       0x35 ./system/src/newlib/_exit.o
 .debug_macro   0x000121dc      0x27a ./system/src/newlib/_exit.o
 .debug_macro   0x00012456       0xd1 ./system/src/newlib/_sbrk.o
 .debug_macro   0x00012527       0x19 ./system/src/newlib/_sbrk.o
 .debug_macro   0x00012540      0x16d ./system/src/newlib/_sbrk.o
 .debug_macro   0x000126ad       0x10 ./system/src/newlib/_sbrk.o
 .debug_macro   0x000126bd      0x23b ./system/src/newlib/_sbrk.o
 .debug_macro   0x000128f8       0xf0 ./system/src/newlib/_startup.o
 .debug_macro   0x000129e8      0x8a4 ./system/src/newlib/_startup.o
 .debug_macro   0x0001328c      0x239 ./system/src/newlib/_syscalls.o
 .debug_macro   0x000134c5       0x10 ./system/src/newlib/_syscalls.o
 .debug_macro   0x000134d5       0x10 ./system/src/newlib/_syscalls.o
 .debug_macro   0x000134e5       0x10 ./system/src/newlib/_syscalls.o
 .debug_macro   0x000134f5       0x35 ./system/src/newlib/_syscalls.o
 .debug_macro   0x0001352a      0x121 ./system/src/newlib/_syscalls.o
 .debug_macro   0x0001364b      0x1cd ./system/src/newlib/_syscalls.o
 .debug_macro   0x00013818       0x10 ./system/src/newlib/_syscalls.o
 .debug_macro   0x00013828       0x1c ./system/src/newlib/_syscalls.o
 .debug_macro   0x00013844       0x10 ./system/src/newlib/_syscalls.o
 .debug_macro   0x00013854       0x16 ./system/src/newlib/_syscalls.o
 .debug_macro   0x0001386a      0x16d ./system/src/newlib/_syscalls.o
 .debug_macro   0x000139d7       0x16 ./system/src/newlib/_syscalls.o
 .debug_macro   0x000139ed       0x22 ./system/src/newlib/_syscalls.o
 .debug_macro   0x00013a0f      0x241 ./system/src/newlib/_syscalls.o
 .debug_macro   0x00013c50       0x16 ./system/src/newlib/_syscalls.o
 .debug_macro   0x00013c66       0x3a ./system/src/newlib/_syscalls.o
 .debug_macro   0x00013ca0       0xac ./system/src/newlib/_syscalls.o
 .debug_macro   0x00013d4c      0x13e ./system/src/newlib/_syscalls.o
 .debug_macro   0x00013e8a       0x16 ./system/src/newlib/_syscalls.o
 .debug_macro   0x00013ea0       0x22 ./system/src/newlib/_syscalls.o
 .debug_macro   0x00013ec2      0x153 ./system/src/newlib/assert.o
 .debug_macro   0x00014015       0x1c ./system/src/newlib/assert.o
 .debug_macro   0x00014031      0x14f ./system/src/diag/Trace.o
 .debug_macro   0x00014180       0x16 ./system/src/diag/Trace.o
 .debug_macro   0x00014196       0x97 ./system/src/diag/Trace.o
 .debug_macro   0x0001422d       0xf6 ./system/src/diag/Trace.o
 .debug_macro   0x00014323       0x52 ./system/src/diag/Trace.o
 .debug_macro   0x00014375      0x3ed ./system/src/diag/trace_impl.o
 .debug_macro   0x00014762       0x10 ./system/src/diag/trace_impl.o
 .debug_macro   0x00014772       0xc8 ./system/src/diag/trace_impl.o
 .debug_macro   0x0001483a       0xbe ./system/src/diag/trace_impl.o
 .debug_macro   0x000148f8      0x316 ./system/src/cortexm/_initialize_hardware.o
 .debug_macro   0x00014c0e       0x1b ./system/src/cortexm/exception_handlers.o
 .debug_macro   0x00014c29      0x312 ./system/src/cmsis/system_stm32f4xx.o
 .debug_macro   0x00014f3b       0x1b ./system/src/cmsis/vectors_stm32f4xx.o
 .debug_macro   0x00014f56      0x30c ./src/_initialize_hardware.o
 .debug_macro   0x00015262      0x419 ./src/main.o
 .debug_macro   0x0001567b       0x4a ./src/main.o
 .debug_macro   0x000156c5       0x94 ./src/main.o
 .debug_macro   0x00015759      0x425 ./src/my_flash.o
